Archive member included to satisfy reference by file (symbol)

../../../libs\libasr.a(asr_top_outside_port.o)
                              build/objs/command_info.o (symbol from plugin) (asrtop_asr_system_create_model)
../../../libs\libasr.a(decoder_inner_port_rpmsg.o)
                              build/objs/main.o (symbol from plugin) (decoder_task_init_port)
../../../libs\libasr.a(decoder_manage.o)
                              decoder_inner_port_rpmsg.o (symbol from plugin) (model_parameter_info_clear)
../../../libs\libasr.a(dynmic_confidence.o)
                              build/objs/system_msg_deal.o (symbol from plugin) (dynmic_confidence_config)
../../../libs\libasr.a(dnn_outside_port.o)
                              decoder_manage.o (symbol from plugin) (get_dnn_version)
../../../libs\libasr.a(flash_manage_outside_port.o)
                              build/objs/ci_flash_data_info.o (symbol from plugin) (is_flash_power_off)
../../../libs\libasr.a(vad_fe_outside_port.o)
                              decoder_manage.o (symbol from plugin) (cmvn_update_mean_var_config)
../../../libs\libasr.a(asr_dealwith_result.o)
                              decoder_manage.o (symbol from plugin) (sg_wakeup_oneshot_able)
../../../libs\libasr.a(asrbest_result.o)
                              decoder_manage.o (symbol from plugin) (asrbest_result_init)
../../../libs\libasr.a(cmp_twice_confidence.o)
                              decoder_manage.o (symbol from plugin) (cmp_twice_init)
../../../libs\libasr.a(decide_result.o)
                              decoder_manage.o (symbol from plugin) (decide_init)
../../../libs\libnewlib_port.a(sbrk.o)
                              build/objs/platform_config.o (symbol from plugin) (sbrk)
../../../libs\libfreertos_port.a(port.o)
                              build/objs/event_groups.o (symbol from plugin) (vPortSetMSIPInt)
../../../libs\libfreertos_port.a(portasm.o)
                              port.o (symbol from plugin) (vPortYield)
../../../libs\libdsu.a(ci130x_dsu.o)
                              build/objs/main.o (symbol from plugin) (dsu_init)
../../../libs\libdsu.a(ci130x_mailbox.o)
                              build/objs/platform_config.o (symbol from plugin) (mailbox_preinit)
../../../libs\libdsu.a(ci130x_scu.o)
                              build/objs/ci130x_init.o (symbol from plugin) (scu_unlock_system_config)
../../../libs\libdsu.a(ci130x_efuse.o)
                              ci130x_dsu.o (symbol from plugin) (efuse_unlock)
../../../libs\libdsu.a(ci130x_dpmu.o)
                              build/objs/ci130x_init.o (symbol from plugin) (dpmu_unlock_cfg_config)
../../../libs\libdsu.a(ci130x_nuclear_com.o)
                              build/objs/flash_control_inner_port.o (symbol from plugin) (nuclear_com_registe_serve)
../../../libs\libdsu.a(remote_api_for_host.o)
                              build/objs/main.o (symbol from plugin) (rc_caller_set_ssp_registe)
../../../libs\libcwsl.a(ci_cwsl_voice.o)
                              build/objs/asr_process_callback_decoder.o (symbol from plugin) (deal_cwsl_cmd)
../../../libs\libcwsl.a(cwsl_manage.o)
                              build/objs/cwsl_app_sample1.o (symbol from plugin) (cwsl_set_wordinfo)
../../../libs\libcwsl.a(cwsl_template_manager.o)
                              cwsl_manage.o (symbol from plugin) (cwsl_tm_init)
../../../libs\libcwsl.a(cwsl_algorithm.o)
                              cwsl_manage.o (symbol from plugin) (nn_output_callback)
../../../libs\libcikd_asrBc.a(cikd_decoder.o)
                              ci_cwsl_voice.o (symbol from plugin) (get_nbest_result)
c:/riscv-nuclei-elf-gcc-9.2.0/gcc_fix_raissrc/bin/../lib/gcc/riscv-nuclei-elf/9.2.0/rv32imafc/ilp32f\libgcc.a(save-restore.o)
                              ../../../libs\libnewlib_port.a(sbrk.o) (__riscv_save_4)
c:/riscv-nuclei-elf-gcc-9.2.0/gcc_fix_raissrc/bin/../lib/gcc/riscv-nuclei-elf/9.2.0/../../../../riscv-nuclei-elf/lib/rv32imafc/ilp32f\libg_nano.a(lib_a-atexit.o)
                              build/objs/ci130x_startup.o (atexit)
c:/riscv-nuclei-elf-gcc-9.2.0/gcc_fix_raissrc/bin/../lib/gcc/riscv-nuclei-elf/9.2.0/../../../../riscv-nuclei-elf/lib/rv32imafc/ilp32f\libg_nano.a(lib_a-exit.o)
                              build/objs/ci130x_startup.o (exit)
c:/riscv-nuclei-elf-gcc-9.2.0/gcc_fix_raissrc/bin/../lib/gcc/riscv-nuclei-elf/9.2.0/../../../../riscv-nuclei-elf/lib/rv32imafc/ilp32f\libg_nano.a(lib_a-fini.o)
                              build/objs/ci130x_startup.o (__libc_fini_array)
c:/riscv-nuclei-elf-gcc-9.2.0/gcc_fix_raissrc/bin/../lib/gcc/riscv-nuclei-elf/9.2.0/../../../../riscv-nuclei-elf/lib/rv32imafc/ilp32f\libg_nano.a(lib_a-impure.o)
                              c:/riscv-nuclei-elf-gcc-9.2.0/gcc_fix_raissrc/bin/../lib/gcc/riscv-nuclei-elf/9.2.0/../../../../riscv-nuclei-elf/lib/rv32imafc/ilp32f\libg_nano.a(lib_a-exit.o) (_global_impure_ptr)
[...]
Memory Configuration

Name             Origin             Length             Attributes
BOOT_PARAMETER   0x000000001ff50a00 0x0000000000000200
SHARE_SRAM       0x000000001ff50c00 0x0000000000000400
SRAM             0x000000001ff51000 0x0000000000081000 xrw
*default*        0x0000000000000000 0xffffffffffffffff

Linker script and memory map

LOAD C:\Users\cmshe\AppData\Local\Temp\cwsl_A_sample.elf.eOOQKS.ltrans0.ltrans.o
LOAD C:\Users\cmshe\AppData\Local\Temp\cwsl_A_sample.elf.eOOQKS.ltrans1.ltrans.o
LOAD C:\Users\cmshe\AppData\Local\Temp\cwsl_A_sample.elf.eOOQKS.ltrans2.ltrans.o
LOAD C:\Users\cmshe\AppData\Local\Temp\ccqaTf3A.debug.temp.o
LOAD C:\Users\cmshe\AppData\Local\Temp\ccSSPpPA.debug.temp.o
LOAD C:\Users\cmshe\AppData\Local\Temp\cckBMzBA.debug.temp.o
LOAD C:\Users\cmshe\AppData\Local\Temp\ccI16h9z.debug.temp.o
LOAD C:\Users\cmshe\AppData\Local\Temp\cc6rr0Gz.debug.temp.o
LOAD C:\Users\cmshe\AppData\Local\Temp\ccIJt9iz.debug.temp.o
LOAD C:\Users\cmshe\AppData\Local\Temp\ccOUa3hz.debug.temp.o
LOAD C:\Users\cmshe\AppData\Local\Temp\ccU5RWgz.debug.temp.o
LOAD C:\Users\cmshe\AppData\Local\Temp\ccqu1Qkz.debug.temp.o
LOAD C:\Users\cmshe\AppData\Local\Temp\ccWSaLoz.debug.temp.o
LOAD C:\Users\cmshe\AppData\Local\Temp\ccs9lMez.debug.temp.o
LOAD C:\Users\cmshe\AppData\Local\Temp\ccYpxN4y.debug.temp.o
LOAD C:\Users\cmshe\AppData\Local\Temp\ccEnMGYy.debug.temp.o
LOAD C:\Users\cmshe\AppData\Local\Temp\ccgT5E4x.debug.temp.o
LOAD C:\Users\cmshe\AppData\Local\Temp\cc4cQ3ex.debug.temp.o
LOAD C:\Users\cmshe\AppData\Local\Temp\ccIvymrw.debug.temp.o
LOAD C:\Users\cmshe\AppData\Local\Temp\ccmOgFDv.debug.temp.o
LOAD C:\Users\cmshe\AppData\Local\Temp\cc06YXPu.debug.temp.o
LOAD C:\Users\cmshe\AppData\Local\Temp\ccWcWxSt.debug.temp.o
LOAD C:\Users\cmshe\AppData\Local\Temp\ccSiT7Us.debug.temp.o
LOAD C:\Users\cmshe\AppData\Local\Temp\ccOoQHXr.debug.temp.o
LOAD C:\Users\cmshe\AppData\Local\Temp\ccKuNh0q.debug.temp.o
LOAD C:\Users\cmshe\AppData\Local\Temp\ccGAKR2p.debug.temp.o
LOAD C:\Users\cmshe\AppData\Local\Temp\ccCGHr5o.debug.temp.o
LOAD C:\Users\cmshe\AppData\Local\Temp\cc6Jgcls.debug.temp.o
LOAD C:\Users\cmshe\AppData\Local\Temp\ccANPWAv.debug.temp.o
LOAD C:\Users\cmshe\AppData\Local\Temp\cc4QoHQy.debug.temp.o
LOAD C:\Users\cmshe\AppData\Local\Temp\ccyUXr6B.debug.temp.o
LOAD C:\Users\cmshe\AppData\Local\Temp\ccUrqUaF.debug.temp.o
LOAD C:\Users\cmshe\AppData\Local\Temp\ccgZSmfI.debug.temp.o
LOAD C:\Users\cmshe\AppData\Local\Temp\ccCwlPjL.debug.temp.o
LOAD C:\Users\cmshe\AppData\Local\Temp\ccY3NhoO.debug.temp.o
LOAD C:\Users\cmshe\AppData\Local\Temp\cckBgKsR.debug.temp.o
LOAD C:\Users\cmshe\AppData\Local\Temp\ccG8IcxU.debug.temp.o
LOAD C:\Users\cmshe\AppData\Local\Temp\cc2FbFBX.debug.temp.o
LOAD C:\Users\cmshe\AppData\Local\Temp\ccodE7F0.debug.temp.o
LOAD C:\Users\cmshe\AppData\Local\Temp\ccKK6zK3.debug.temp.o
LOAD C:\Users\cmshe\AppData\Local\Temp\cc6hz2O6.debug.temp.o
LOAD C:\Users\cmshe\AppData\Local\Temp\ccsP1uT9.debug.temp.o
LOAD C:\Users\cmshe\AppData\Local\Temp\ccSYgNCc.debug.temp.o
LOAD C:\Users\cmshe\AppData\Local\Temp\ccWa5F5e.debug.temp.o
LOAD C:\Users\cmshe\AppData\Local\Temp\cc0mTyyh.debug.temp.o
LOAD C:\Users\cmshe\AppData\Local\Temp\ccs9fL5j.debug.temp.o
LOAD C:\Users\cmshe\AppData\Local\Temp\ccqq87Zm.debug.temp.o
LOAD C:\Users\cmshe\AppData\Local\Temp\ccGaN4Yp.debug.temp.o
LOAD C:\Users\cmshe\AppData\Local\Temp\ccWUr1Xs.debug.temp.o
LOAD C:\Users\cmshe\AppData\Local\Temp\ccmi2eJv.debug.temp.o
LOAD C:\Users\cmshe\AppData\Local\Temp\ccSMUICy.debug.temp.o
LOAD C:\Users\cmshe\AppData\Local\Temp\cc4U86HA.debug.temp.o
LOAD C:\Users\cmshe\AppData\Local\Temp\ccg3mvNC.debug.temp.o
LOAD C:\Users\cmshe\AppData\Local\Temp\ccQlMTXE.debug.temp.o
LOAD C:\Users\cmshe\AppData\Local\Temp\ccK20IUG.debug.temp.o
LOAD C:\Users\cmshe\AppData\Local\Temp\ccEJfyRI.debug.temp.o
LOAD C:\Users\cmshe\AppData\Local\Temp\ccKIoFSK.debug.temp.o
LOAD C:\Users\cmshe\AppData\Local\Temp\cc8IVOfN.debug.temp.o
LOAD C:\Users\cmshe\AppData\Local\Temp\ccWolzHP.debug.temp.o
LOAD C:\Users\cmshe\AppData\Local\Temp\ccK4Kj9R.debug.temp.o
LOAD C:\Users\cmshe\AppData\Local\Temp\ccIn6knU.debug.temp.o
LOAD C:\Users\cmshe\AppData\Local\Temp\ccQZacGW.debug.temp.o
LOAD C:\Users\cmshe\AppData\Local\Temp\ccYBf3YY.debug.temp.o
LOAD C:\Users\cmshe\AppData\Local\Temp\cccvfSt0.debug.temp.o
LOAD C:\Users\cmshe\AppData\Local\Temp\ccGOKg31.debug.temp.o
LOAD C:\Users\cmshe\AppData\Local\Temp\ccQHz7l3.debug.temp.o
LOAD C:\Users\cmshe\AppData\Local\Temp\ccS0XUF4.debug.temp.o
LOAD C:\Users\cmshe\AppData\Local\Temp\cco7PA45.debug.temp.o
LOAD C:\Users\cmshe\AppData\Local\Temp\ccgpKRP7.debug.temp.o
LOAD C:\Users\cmshe\AppData\Local\Temp\ccugZIF9.debug.temp.o
LOAD C:\Users\cmshe\AppData\Local\Temp\ccQ7fahb.debug.temp.o
LOAD C:\Users\cmshe\AppData\Local\Temp\cceyA0Wc.debug.temp.o
LOAD C:\Users\cmshe\AppData\Local\Temp\ccKsU1vi.debug.temp.o
LOAD C:\Users\cmshe\AppData\Local\Temp\ccIlMQbo.debug.temp.o
LOAD C:\Users\cmshe\AppData\Local\Temp\cc8kmwIt.debug.temp.o
LOAD C:\Users\cmshe\AppData\Local\Temp\ccOMw5Az.debug.temp.o
LOAD C:\Users\cmshe\AppData\Local\Temp\ccMbX5xF.debug.temp.o
LOAD C:\Users\cmshe\AppData\Local\Temp\cc4YcxhL.debug.temp.o
LOAD C:\Users\cmshe\AppData\Local\Temp\ccAHgX5Q.debug.temp.o
LOAD C:\Users\cmshe\AppData\Local\Temp\ccSGY95V.debug.temp.o
LOAD C:\Users\cmshe\AppData\Local\Temp\ccwztEW0.debug.temp.o
LOAD C:\Users\cmshe\AppData\Local\Temp\ccGwyqL5.debug.temp.o
LOAD C:\Users\cmshe\AppData\Local\Temp\ccQtDcAa.debug.temp.o
LOAD C:\Users\cmshe\AppData\Local\Temp\cc0qIYof.debug.temp.o
LOAD C:\Users\cmshe\AppData\Local\Temp\ccaoNKdk.debug.temp.o
LOAD C:\Users\cmshe\AppData\Local\Temp\ccklSw2o.debug.temp.o
LOAD build/objs/ci130x_vtable.o
LOAD build/objs/ci130x_startup.o
LOAD ../../../libs\libasr.a
LOAD ../../../libs\libnewlib_port.a
LOAD ../../../libs\libfreertos_port.a
LOAD ../../../libs\libdsu.a
LOAD ../../../libs\libflash_encrypt.a
LOAD ../../../libs\libcwsl.a
LOAD ../../../libs\libcikd_asrBc.a
LOAD c:/riscv-nuclei-elf-gcc-9.2.0/gcc_fix_raissrc/bin/../lib/gcc/riscv-nuclei-elf/9.2.0/../../../../riscv-nuclei-elf/lib/rv32imafc/ilp32f\libstdc++.a
LOAD c:/riscv-nuclei-elf-gcc-9.2.0/gcc_fix_raissrc/bin/../lib/gcc/riscv-nuclei-elf/9.2.0/../../../../riscv-nuclei-elf/lib/rv32imafc/ilp32f\libm.a
LOAD c:/riscv-nuclei-elf-gcc-9.2.0/gcc_fix_raissrc/bin/../lib/gcc/riscv-nuclei-elf/9.2.0/rv32imafc/ilp32f\libgcc.a
LOAD c:/riscv-nuclei-elf-gcc-9.2.0/gcc_fix_raissrc/bin/../lib/gcc/riscv-nuclei-elf/9.2.0/../../../../riscv-nuclei-elf/lib/rv32imafc/ilp32f\libg_nano.a
LOAD c:/riscv-nuclei-elf-gcc-9.2.0/gcc_fix_raissrc/bin/../lib/gcc/riscv-nuclei-elf/9.2.0/../../../../riscv-nuclei-elf/lib/rv32imafc/ilp32f\libc_nano.a
LOAD c:/riscv-nuclei-elf-gcc-9.2.0/gcc_fix_raissrc/bin/../lib/gcc/riscv-nuclei-elf/9.2.0/rv32imafc/ilp32f\libgcc.a
START GROUP
LOAD c:/riscv-nuclei-elf-gcc-9.2.0/gcc_fix_raissrc/bin/../lib/gcc/riscv-nuclei-elf/9.2.0/rv32imafc/ilp32f\libgcc.a
LOAD c:/riscv-nuclei-elf-gcc-9.2.0/gcc_fix_raissrc/bin/../lib/gcc/riscv-nuclei-elf/9.2.0/../../../../riscv-nuclei-elf/lib/rv32imafc/ilp32f\libc_nano.a
LOAD c:/riscv-nuclei-elf-gcc-9.2.0/gcc_fix_raissrc/bin/../lib/gcc/riscv-nuclei-elf/9.2.0/../../../../riscv-nuclei-elf/lib/rv32imafc/ilp32f\libgloss_nano.a
END GROUP
                0x0000000000000c00                STACK_SIZE = 0xc00
                0x000000001ffd2000                SRAM_HOST_END_ADDR = 0x1ffd2000
                0x000000001fff8000                CHIP_SRAM_END_ADDR = 0x1fff8000
                0x000000001ffaa000                CI1310_SRAM_HOST_END_ADDR = 0x1ffaa000
                0x000000001ffd0000                CI1310_SRAM_END_ADDR = 0x1ffd0000
                0x000000001ff50a00                BOOT_PARAMETER_ADDR = 0x1ff50a00
                0x0000000000000200                BOOT_PARAMETER_SIZE = 0x200
                0x000000001ff50c00                SHARE_SRAM_ADDR = 0x1ff50c00
                0x0000000000000400                SHARE_SRAM_SIZE = 0x400
                0x000000001ff51000                SRAM_START_ADDR = 0x1ff51000
                0x000000001ffd2000                SRAM_END_ADDR = SRAM_HOST_END_ADDR
                0x0000000000081000                SRAM_SIZE = (SRAM_END_ADDR - SRAM_START_ADDR)
                0x000000000000f000                SYS_HEAP_SIZE = 0xf000
                0x0000000000000c00                __stack_size = STACK_SIZE
                0x0000000000000c00                __int_stack_size = STACK_SIZE
                0x0000000000000c00                __stack_size = DEFINED (__stack_size)?__stack_size:0x800
                0x0000000000000c00                __int_stack_size = DEFINED (__int_stack_size)?__int_stack_size:0x400

.boot_parameter
                0x000000001ff50a00      0x116
 *.(boot_parameter)
 .boot_parameter
                0x000000001ff50a00      0x116 C:\Users\cmshe\AppData\Local\Temp\cwsl_A_sample.elf.eOOQKS.ltrans1.ltrans.o

.share_memory   0x000000001ff50c00       0x7c
 *(.share_mem)
 .share_mem     0x000000001ff50c00       0x7c C:\Users\cmshe\AppData\Local\Temp\cwsl_A_sample.elf.eOOQKS.ltrans0.ltrans.o
                0x000000001ff50c00                status_list.lto_priv.0

.init           0x000000001ff51000      0x272
 *(.vtable)
 .vtable        0x000000001ff51000      0x100 build/objs/ci130x_vtable.o
                0x000000001ff51000                vector_base
 *(.load_addr)
 .load_addr     0x000000001ff51100       0x3c build/objs/ci130x_startup.o
 *(SORT_NONE(.init))
 .init          0x000000001ff5113c      0x136 build/objs/ci130x_startup.o
                0x000000001ff5113c                _start
                0x000000001ff51162                _virtual_start
                0x000000001ff51250                disable_mcycle_minstret
                0x000000001ff51256                enable_mcycle_minstret
                0x000000001ff5125c                core_wfe_asm

.ilalign        0x000000001ff51272        0x2
                0x000000001ff51274                . = ALIGN (0x4)
 *fill*         0x000000001ff51272        0x2 
                0x000000001ff51274                PROVIDE (_ilm_lma = .)

.ialign         0x000000001ff51274        0x0
                0x000000001ff51274                PROVIDE (_ilm = .)

.text           0x000000001ff51280    0x155ce
 *(.text.unlikely .text.unlikely.*)
 *(.text.startup .text.startup.*)
 .text.startup.main
                0x000000001ff51280      0x56a C:\Users\cmshe\AppData\Local\Temp\cwsl_A_sample.elf.eOOQKS.ltrans1.ltrans.o
                0x000000001ff51280                main
 *(.text .text.*)
 .text.spic_wait_idle.constprop.0
                0x000000001ff517ea       0x28 C:\Users\cmshe\AppData\Local\Temp\cwsl_A_sample.elf.eOOQKS.ltrans0.ltrans.o
 .text.spic_general_mode_config.constprop.0
                0x000000001ff51812      0x152 C:\Users\cmshe\AppData\Local\Temp\cwsl_A_sample.elf.eOOQKS.ltrans0.ltrans.o
 .text.CI0124.constprop.0
                0x000000001ff51964       0x50 C:\Users\cmshe\AppData\Local\Temp\cwsl_A_sample.elf.eOOQKS.ltrans0.ltrans.o
 .text.cmp_str  0x000000001ff519b4       0x10 C:\Users\cmshe\AppData\Local\Temp\cwsl_A_sample.elf.eOOQKS.ltrans0.ltrans.o
 .text.CI0134   0x000000001ff519c4       0x30 C:\Users\cmshe\AppData\Local\Temp\cwsl_A_sample.elf.eOOQKS.ltrans0.ltrans.o
 .text.getpdfinfo
                0x000000001ff519f4       0x1e C:\Users\cmshe\AppData\Local\Temp\cwsl_A_sample.elf.eOOQKS.ltrans0.ltrans.o
 .text.CI0075   0x000000001ff51a12       0x24 C:\Users\cmshe\AppData\Local\Temp\cwsl_A_sample.elf.eOOQKS.ltrans0.ltrans.o
 .text.cwslvoice_delete.part.0
                0x000000001ff51a36       0xde C:\Users\cmshe\AppData\Local\Temp\cwsl_A_sample.elf.eOOQKS.ltrans0.ltrans.o
 .text.CI0153   0x000000001ff51b14       0x36 C:\Users\cmshe\AppData\Local\Temp\cwsl_A_sample.elf.eOOQKS.ltrans0.ltrans.o
 .text.CI0121   0x000000001ff51b4a       0x36 C:\Users\cmshe\AppData\Local\Temp\cwsl_A_sample.elf.eOOQKS.ltrans0.ltrans.o
 .text.CI0111   0x000000001ff51b80       0x38 C:\Users\cmshe\AppData\Local\Temp\cwsl_A_sample.elf.eOOQKS.ltrans0.ltrans.o
 .text.CI0041   0x000000001ff51bb8       0x4a C:\Users\cmshe\AppData\Local\Temp\cwsl_A_sample.elf.eOOQKS.ltrans0.ltrans.o
 .text.cwslvoice_delete_sn
                0x000000001ff51c02       0x90 C:\Users\cmshe\AppData\Local\Temp\cwsl_A_sample.elf.eOOQKS.ltrans0.ltrans.o
 .text.CI0031   0x000000001ff51c92       0xbe C:\Users\cmshe\AppData\Local\Temp\cwsl_A_sample.elf.eOOQKS.ltrans0.ltrans.o
 .text.get_elem_tail
                0x000000001ff51d50       0x28 C:\Users\cmshe\AppData\Local\Temp\cwsl_A_sample.elf.eOOQKS.ltrans0.ltrans.o
 .text.CI0002.isra.0
                0x000000001ff51d78       0xd2 C:\Users\cmshe\AppData\Local\Temp\cwsl_A_sample.elf.eOOQKS.ltrans0.ltrans.o
 .text.CI0059   0x000000001ff51e4a       0x42 C:\Users\cmshe\AppData\Local\Temp\cwsl_A_sample.elf.eOOQKS.ltrans0.ltrans.o
 .text.CI0074.lto_priv.0
                0x000000001ff51e8c        0xa C:\Users\cmshe\AppData\Local\Temp\cwsl_A_sample.elf.eOOQKS.ltrans0.ltrans.o
                0x000000001ff51e8c                CI0074.lto_priv.0
 .text.CI0056.lto_priv.0
                0x000000001ff51e96       0x36 C:\Users\cmshe\AppData\Local\Temp\cwsl_A_sample.elf.eOOQKS.ltrans0.ltrans.o
                0x000000001ff51e96                CI0056.lto_priv.0
 .text.CI0055.lto_priv.0
                0x000000001ff51ecc       0x2c C:\Users\cmshe\AppData\Local\Temp\cwsl_A_sample.elf.eOOQKS.ltrans0.ltrans.o
                0x000000001ff51ecc                CI0055.lto_priv.0
 .text.CI0083.lto_priv.0
                0x000000001ff51ef8       0x34 C:\Users\cmshe\AppData\Local\Temp\cwsl_A_sample.elf.eOOQKS.ltrans0.ltrans.o
                0x000000001ff51ef8                CI0083.lto_priv.0
 .text.IsSilencePdf
                0x000000001ff51f2c       0x34 C:\Users\cmshe\AppData\Local\Temp\cwsl_A_sample.elf.eOOQKS.ltrans0.ltrans.o
 .text.IsSilenceSrcPdf
                0x000000001ff51f60       0x2e C:\Users\cmshe\AppData\Local\Temp\cwsl_A_sample.elf.eOOQKS.ltrans0.ltrans.o
 .text.CI0013   0x000000001ff51f8e       0x5e C:\Users\cmshe\AppData\Local\Temp\cwsl_A_sample.elf.eOOQKS.ltrans0.ltrans.o
 .text.sort_cmp
                0x000000001ff51fec       0x14 C:\Users\cmshe\AppData\Local\Temp\cwsl_A_sample.elf.eOOQKS.ltrans0.ltrans.o
 .text.CI0043   0x000000001ff52000       0x52 C:\Users\cmshe\AppData\Local\Temp\cwsl_A_sample.elf.eOOQKS.ltrans0.ltrans.o
 .text.CI0042   0x000000001ff52052       0x50 C:\Users\cmshe\AppData\Local\Temp\cwsl_A_sample.elf.eOOQKS.ltrans0.ltrans.o
 .text.CI0130   0x000000001ff520a2       0x20 C:\Users\cmshe\AppData\Local\Temp\cwsl_A_sample.elf.eOOQKS.ltrans0.ltrans.o
 .text.CI0150   0x000000001ff520c2       0x28 C:\Users\cmshe\AppData\Local\Temp\cwsl_A_sample.elf.eOOQKS.ltrans0.ltrans.o
 .text.CI0097   0x000000001ff520ea       0xfe C:\Users\cmshe\AppData\Local\Temp\cwsl_A_sample.elf.eOOQKS.ltrans0.ltrans.o
 .text.CI0057   0x000000001ff521e8       0xf0 C:\Users\cmshe\AppData\Local\Temp\cwsl_A_sample.elf.eOOQKS.ltrans0.ltrans.o
 .text.CI0049   0x000000001ff522d8       0x4e C:\Users\cmshe\AppData\Local\Temp\cwsl_A_sample.elf.eOOQKS.ltrans0.ltrans.o
 .text.CI0066   0x000000001ff52326       0x4e C:\Users\cmshe\AppData\Local\Temp\cwsl_A_sample.elf.eOOQKS.ltrans0.ltrans.o
 .text.CI0028   0x000000001ff52374       0xec C:\Users\cmshe\AppData\Local\Temp\cwsl_A_sample.elf.eOOQKS.ltrans0.ltrans.o
 .text.cwslreg_cmd_rlt
                0x000000001ff52460       0x2c C:\Users\cmshe\AppData\Local\Temp\cwsl_A_sample.elf.eOOQKS.ltrans0.ltrans.o
 .text.get_cwslword_path
                0x000000001ff5248c      0x10c C:\Users\cmshe\AppData\Local\Temp\cwsl_A_sample.elf.eOOQKS.ltrans0.ltrans.o
 .text.find_bestlen_voice
                0x000000001ff52598       0x48 C:\Users\cmshe\AppData\Local\Temp\cwsl_A_sample.elf.eOOQKS.ltrans0.ltrans.o
 .text.getvoice
                0x000000001ff525e0       0x6a C:\Users\cmshe\AppData\Local\Temp\cwsl_A_sample.elf.eOOQKS.ltrans0.ltrans.o
 .text.rc_callee_deal_one_frm_fft_rslt_callback
                0x000000001ff5264a        0x2 C:\Users\cmshe\AppData\Local\Temp\cwsl_A_sample.elf.eOOQKS.ltrans0.ltrans.o
                0x000000001ff5264a                rc_callee_deal_one_frm_fft_rslt_callback
 .text.rc_callee_audio_deal_one_frm_callback
                0x000000001ff5264c        0x2 C:\Users\cmshe\AppData\Local\Temp\cwsl_A_sample.elf.eOOQKS.ltrans0.ltrans.o
                0x000000001ff5264c                rc_callee_audio_deal_one_frm_callback
 .text.spic_write_by_cpu.constprop.0
                0x000000001ff5264e       0xc2 C:\Users\cmshe\AppData\Local\Temp\cwsl_A_sample.elf.eOOQKS.ltrans0.ltrans.o
 .text.send_nn_end_msg_to_cwsl
                0x000000001ff52710       0x2e C:\Users\cmshe\AppData\Local\Temp\cwsl_A_sample.elf.eOOQKS.ltrans0.ltrans.o
 .text.rc_caller_vad_rollback_frm_cfg
                0x000000001ff5273e       0x40 C:\Users\cmshe\AppData\Local\Temp\cwsl_A_sample.elf.eOOQKS.ltrans0.ltrans.o
 .text.rc_caller_set_agc_gain_enable
                0x000000001ff5277e       0x42 C:\Users\cmshe\AppData\Local\Temp\cwsl_A_sample.elf.eOOQKS.ltrans0.ltrans.o
 .text.CI0122.part.0
                0x000000001ff527c0       0xa6 C:\Users\cmshe\AppData\Local\Temp\cwsl_A_sample.elf.eOOQKS.ltrans0.ltrans.o
 .text.push_cwslvoice
                0x000000001ff52866      0x110 C:\Users\cmshe\AppData\Local\Temp\cwsl_A_sample.elf.eOOQKS.ltrans0.ltrans.o
 .text.CI0136   0x000000001ff52976       0x8e C:\Users\cmshe\AppData\Local\Temp\cwsl_A_sample.elf.eOOQKS.ltrans0.ltrans.o
 .text.CI0116.constprop.0
                0x000000001ff52a04       0xa2 C:\Users\cmshe\AppData\Local\Temp\cwsl_A_sample.elf.eOOQKS.ltrans0.ltrans.o
 .text.CI0022   0x000000001ff52aa6       0x6e C:\Users\cmshe\AppData\Local\Temp\cwsl_A_sample.elf.eOOQKS.ltrans0.ltrans.o
 .text.CI0069   0x000000001ff52b14      0x2ae C:\Users\cmshe\AppData\Local\Temp\cwsl_A_sample.elf.eOOQKS.ltrans0.ltrans.o
 .text.rc_callee_malloc_in_host
                0x000000001ff52dc2        0xe C:\Users\cmshe\AppData\Local\Temp\cwsl_A_sample.elf.eOOQKS.ltrans0.ltrans.o
                0x000000001ff52dc2                rc_callee_malloc_in_host
 .text.CI0080   0x000000001ff52dd0       0x5a C:\Users\cmshe\AppData\Local\Temp\cwsl_A_sample.elf.eOOQKS.ltrans0.ltrans.o
 .text.cwsl_tm_del_by_cmd_id
                0x000000001ff52e2a       0xcc C:\Users\cmshe\AppData\Local\Temp\cwsl_A_sample.elf.eOOQKS.ltrans0.ltrans.o
 .text.rc_callee_get_current_model_addr
                0x000000001ff52ef6       0x14 C:\Users\cmshe\AppData\Local\Temp\cwsl_A_sample.elf.eOOQKS.ltrans0.ltrans.o
                0x000000001ff52ef6                rc_callee_get_current_model_addr
 .text.push_pdfinfo
                0x000000001ff52f0a      0x194 C:\Users\cmshe\AppData\Local\Temp\cwsl_A_sample.elf.eOOQKS.ltrans0.ltrans.o
 .text.find_best_path
                0x000000001ff5309e      0x296 C:\Users\cmshe\AppData\Local\Temp\cwsl_A_sample.elf.eOOQKS.ltrans0.ltrans.o
 .text.pdfid2cwslword_clear
                0x000000001ff53334       0x72 C:\Users\cmshe\AppData\Local\Temp\cwsl_A_sample.elf.eOOQKS.ltrans0.ltrans.o
 .text.pdfinfo_mem_free
                0x000000001ff533a6       0x8c C:\Users\cmshe\AppData\Local\Temp\cwsl_A_sample.elf.eOOQKS.ltrans0.ltrans.o
 .text.pdfinfo_mem_alloc
                0x000000001ff53432       0x84 C:\Users\cmshe\AppData\Local\Temp\cwsl_A_sample.elf.eOOQKS.ltrans0.ltrans.o
 .text.eclic_set_irq_priority.constprop.0
                0x000000001ff534b6       0x3a C:\Users\cmshe\AppData\Local\Temp\cwsl_A_sample.elf.eOOQKS.ltrans0.ltrans.o
                0x000000001ff534b6                eclic_set_irq_priority.constprop.0
 .text.dpmu_pll_config.constprop.0
                0x000000001ff534f0      0x15c C:\Users\cmshe\AppData\Local\Temp\cwsl_A_sample.elf.eOOQKS.ltrans0.ltrans.o
                0x000000001ff534f0                dpmu_pll_config.constprop.0
 .text.spic_read_by_cpu.constprop.0
                0x000000001ff5364c      0x10a C:\Users\cmshe\AppData\Local\Temp\cwsl_A_sample.elf.eOOQKS.ltrans0.ltrans.o
                0x000000001ff5364c                spic_read_by_cpu.constprop.0
 .text.spic_read_status_register.constprop.0
                0x000000001ff53756       0x3a C:\Users\cmshe\AppData\Local\Temp\cwsl_A_sample.elf.eOOQKS.ltrans0.ltrans.o
                0x000000001ff53756                spic_read_status_register.constprop.0
 .text.spic_check_busy.constprop.0
                0x000000001ff53790       0x36 C:\Users\cmshe\AppData\Local\Temp\cwsl_A_sample.elf.eOOQKS.ltrans0.ltrans.o
                0x000000001ff53790                spic_check_busy.constprop.0
 .text.spic_send_cmd.constprop.0
                0x000000001ff537c6       0x40 C:\Users\cmshe\AppData\Local\Temp\cwsl_A_sample.elf.eOOQKS.ltrans0.ltrans.o
                0x000000001ff537c6                spic_send_cmd.constprop.0
 .text.spic_write_status_register.constprop.0
                0x000000001ff53806       0xb2 C:\Users\cmshe\AppData\Local\Temp\cwsl_A_sample.elf.eOOQKS.ltrans0.ltrans.o
                0x000000001ff53806                spic_write_status_register.constprop.0
 .text.spic_clk_phase_set.constprop.0
                0x000000001ff538b8       0x40 C:\Users\cmshe\AppData\Local\Temp\cwsl_A_sample.elf.eOOQKS.ltrans0.ltrans.o
                0x000000001ff538b8                spic_clk_phase_set.constprop.0
 .text.spic_releasepowerdown.constprop.0
                0x000000001ff538f8       0x48 C:\Users\cmshe\AppData\Local\Temp\cwsl_A_sample.elf.eOOQKS.ltrans0.ltrans.o
                0x000000001ff538f8                spic_releasepowerdown.constprop.0
 .text.spic_powerdown.constprop.0
                0x000000001ff53940       0x28 C:\Users\cmshe\AppData\Local\Temp\cwsl_A_sample.elf.eOOQKS.ltrans0.ltrans.o
                0x000000001ff53940                spic_powerdown.constprop.0
 .text.xQueueGenericSendFromISR.constprop.0
                0x000000001ff53968       0x72 C:\Users\cmshe\AppData\Local\Temp\cwsl_A_sample.elf.eOOQKS.ltrans0.ltrans.o
                0x000000001ff53968                xQueueGenericSendFromISR.constprop.0
 .text.xTimerPendFunctionCallFromISR.constprop.0
                0x000000001ff539da       0x26 C:\Users\cmshe\AppData\Local\Temp\cwsl_A_sample.elf.eOOQKS.ltrans0.ltrans.o
                0x000000001ff539da                xTimerPendFunctionCallFromISR.constprop.0
 .text.pause_play.constprop.0
                0x000000001ff53a00       0x36 C:\Users\cmshe\AppData\Local\Temp\cwsl_A_sample.elf.eOOQKS.ltrans0.ltrans.o
 .text.xQueueCreateMutex.constprop.0
                0x000000001ff53a36       0x2e C:\Users\cmshe\AppData\Local\Temp\cwsl_A_sample.elf.eOOQKS.ltrans0.ltrans.o
                0x000000001ff53a36                xQueueCreateMutex.constprop.0
 .text.xTaskCreate.constprop.0
                0x000000001ff53a64      0x1f8 C:\Users\cmshe\AppData\Local\Temp\cwsl_A_sample.elf.eOOQKS.ltrans0.ltrans.o
                0x000000001ff53a64                xTaskCreate.constprop.0
 .text.xTimerGenericCommand.constprop.0
                0x000000001ff53c5c       0x2e C:\Users\cmshe\AppData\Local\Temp\cwsl_A_sample.elf.eOOQKS.ltrans0.ltrans.o
                0x000000001ff53c5c                xTimerGenericCommand.constprop.0
 .text.UartPollingSenddone.constprop.0
                0x000000001ff53c8a        0xe C:\Users\cmshe\AppData\Local\Temp\cwsl_A_sample.elf.eOOQKS.ltrans0.ltrans.o
                0x000000001ff53c8a                UartPollingSenddone.constprop.0
 .text.dichotomy_find.part.0.constprop.0
                0x000000001ff53c98       0x3e C:\Users\cmshe\AppData\Local\Temp\cwsl_A_sample.elf.eOOQKS.ltrans0.ltrans.o
                0x000000001ff53c98                dichotomy_find.part.0.constprop.0
 .text.pause_audio_play_prompt.constprop.0
                0x000000001ff53cd6       0x82 C:\Users\cmshe\AppData\Local\Temp\cwsl_A_sample.elf.eOOQKS.ltrans0.ltrans.o
                0x000000001ff53cd6                pause_audio_play_prompt.constprop.0
 .text.audio_play_queue_send.constprop.0
                0x000000001ff53d58       0x18 C:\Users\cmshe\AppData\Local\Temp\cwsl_A_sample.elf.eOOQKS.ltrans0.ltrans.o
                0x000000001ff53d58                audio_play_queue_send.constprop.0
 .text.audio_play_hw_stop.constprop.0
                0x000000001ff53d70      0x100 C:\Users\cmshe\AppData\Local\Temp\cwsl_A_sample.elf.eOOQKS.ltrans0.ltrans.o
                0x000000001ff53d70                audio_play_hw_stop.constprop.0
 .text.on_cwsl_init.constprop.0
                0x000000001ff53e70       0x24 C:\Users\cmshe\AppData\Local\Temp\cwsl_A_sample.elf.eOOQKS.ltrans0.ltrans.o
                0x000000001ff53e70                on_cwsl_init.constprop.0
 .text.rc_caller_set_ssp_registe.constprop.0
                0x000000001ff53e94       0x52 C:\Users\cmshe\AppData\Local\Temp\cwsl_A_sample.elf.eOOQKS.ltrans0.ltrans.o
                0x000000001ff53e94                rc_caller_set_ssp_registe.constprop.0
 .text.set_state_enter_wakeup.constprop.0
                0x000000001ff53ee6       0x4a C:\Users\cmshe\AppData\Local\Temp\cwsl_A_sample.elf.eOOQKS.ltrans0.ltrans.o
                0x000000001ff53ee6                set_state_enter_wakeup.constprop.0
 .text.cwsl_reg_word.constprop.0
                0x000000001ff53f30       0x40 C:\Users\cmshe\AppData\Local\Temp\cwsl_A_sample.elf.eOOQKS.ltrans0.ltrans.o
                0x000000001ff53f30                cwsl_reg_word.constprop.0
 .text.asrGetCmdWordsAndScore.constprop.0
                0x000000001ff53f70       0x30 C:\Users\cmshe\AppData\Local\Temp\cwsl_A_sample.elf.eOOQKS.ltrans0.ltrans.o
                0x000000001ff53f70                asrGetCmdWordsAndScore.constprop.0
 .text.asrStart.constprop.0
                0x000000001ff53fa0       0x12 C:\Users\cmshe\AppData\Local\Temp\cwsl_A_sample.elf.eOOQKS.ltrans0.ltrans.o
                0x000000001ff53fa0                asrStart.constprop.0
 .text.CI0051.constprop.0
                0x000000001ff53fb2       0xa8 C:\Users\cmshe\AppData\Local\Temp\cwsl_A_sample.elf.eOOQKS.ltrans0.ltrans.o
                0x000000001ff53fb2                CI0051.constprop.0
 .text.getdata_fromfmt.part.0.constprop.0
                0x000000001ff5405a       0x30 C:\Users\cmshe\AppData\Local\Temp\cwsl_A_sample.elf.eOOQKS.ltrans0.ltrans.o
                0x000000001ff5405a                getdata_fromfmt.part.0.constprop.0
 .text.get_special_symbols_count.constprop.0
                0x000000001ff5408a       0x56 C:\Users\cmshe\AppData\Local\Temp\cwsl_A_sample.elf.eOOQKS.ltrans0.ltrans.o
                0x000000001ff5408a                get_special_symbols_count.constprop.0
 .text.asrSetWordsTag
                0x000000001ff540e0       0x1e C:\Users\cmshe\AppData\Local\Temp\cwsl_A_sample.elf.eOOQKS.ltrans0.ltrans.o
                0x000000001ff540e0                asrSetWordsTag
 .text.asrSetBeam
                0x000000001ff540fe       0x58 C:\Users\cmshe\AppData\Local\Temp\cwsl_A_sample.elf.eOOQKS.ltrans0.ltrans.o
                0x000000001ff540fe                asrSetBeam
 .text.getpdfinfopriors
                0x000000001ff54156       0x3e C:\Users\cmshe\AppData\Local\Temp\cwsl_A_sample.elf.eOOQKS.ltrans0.ltrans.o
                0x000000001ff54156                getpdfinfopriors
 .text.cwslvoice_update2mem
                0x000000001ff54194       0x8e C:\Users\cmshe\AppData\Local\Temp\cwsl_A_sample.elf.eOOQKS.ltrans0.ltrans.o
                0x000000001ff54194                cwslvoice_update2mem
 .text.CI0081.isra.0
                0x000000001ff54222     0x16da C:\Users\cmshe\AppData\Local\Temp\cwsl_A_sample.elf.eOOQKS.ltrans0.ltrans.o
 .text.CI0009   0x000000001ff558fc     0x180a C:\Users\cmshe\AppData\Local\Temp\cwsl_A_sample.elf.eOOQKS.ltrans0.ltrans.o
 .text.CI0072.lto_priv.0
                0x000000001ff57106       0x50 C:\Users\cmshe\AppData\Local\Temp\cwsl_A_sample.elf.eOOQKS.ltrans0.ltrans.o
                0x000000001ff57106                CI0072.lto_priv.0
 .text.CI0114.lto_priv.0
                0x000000001ff57156       0x78 C:\Users\cmshe\AppData\Local\Temp\cwsl_A_sample.elf.eOOQKS.ltrans0.ltrans.o
                0x000000001ff57156                CI0114.lto_priv.0
 .text.CI0064.lto_priv.0
                0x000000001ff571ce       0x3a C:\Users\cmshe\AppData\Local\Temp\cwsl_A_sample.elf.eOOQKS.ltrans0.ltrans.o
                0x000000001ff571ce                CI0064.lto_priv.0
 .text.check_cwsl_cmd.constprop.0
                0x000000001ff57208       0x2e C:\Users\cmshe\AppData\Local\Temp\cwsl_A_sample.elf.eOOQKS.ltrans0.ltrans.o
                0x000000001ff57208                check_cwsl_cmd.constprop.0
 .text.get_wi_nbest_result.constprop.0
                0x000000001ff57236       0x4c C:\Users\cmshe\AppData\Local\Temp\cwsl_A_sample.elf.eOOQKS.ltrans0.ltrans.o
 .text.CI0060.lto_priv.0
                0x000000001ff57282      0x312 C:\Users\cmshe\AppData\Local\Temp\cwsl_A_sample.elf.eOOQKS.ltrans0.ltrans.o
                0x000000001ff57282                CI0060.lto_priv.0
 .text.CI0054.lto_priv.0
                0x000000001ff57594      0x30c C:\Users\cmshe\AppData\Local\Temp\cwsl_A_sample.elf.eOOQKS.ltrans0.ltrans.o
                0x000000001ff57594                CI0054.lto_priv.0
 .text.CI0152   0x000000001ff578a0      0x386 C:\Users\cmshe\AppData\Local\Temp\cwsl_A_sample.elf.eOOQKS.ltrans0.ltrans.o
 .text.CI0096   0x000000001ff57c26      0x1e6 C:\Users\cmshe\AppData\Local\Temp\cwsl_A_sample.elf.eOOQKS.ltrans0.ltrans.o
 .text.CI0098   0x000000001ff57e0c       0xcc C:\Users\cmshe\AppData\Local\Temp\cwsl_A_sample.elf.eOOQKS.ltrans0.ltrans.o
 .text.CI0118   0x000000001ff57ed8      0x24a C:\Users\cmshe\AppData\Local\Temp\cwsl_A_sample.elf.eOOQKS.ltrans0.ltrans.o
 .text.CI0001.lto_priv.0
                0x000000001ff58122       0x5c C:\Users\cmshe\AppData\Local\Temp\cwsl_A_sample.elf.eOOQKS.ltrans0.ltrans.o
                0x000000001ff58122                CI0001.lto_priv.0
 .text.CI0036.lto_priv.0
                0x000000001ff5817e      0x4ea C:\Users\cmshe\AppData\Local\Temp\cwsl_A_sample.elf.eOOQKS.ltrans0.ltrans.o
                0x000000001ff5817e                CI0036.lto_priv.0
 .text.CI0120.lto_priv.0
                0x000000001ff58668      0x2f4 C:\Users\cmshe\AppData\Local\Temp\cwsl_A_sample.elf.eOOQKS.ltrans0.ltrans.o
                0x000000001ff58668                CI0120.lto_priv.0
 .text.CI0090.lto_priv.0
                0x000000001ff5895c       0x30 C:\Users\cmshe\AppData\Local\Temp\cwsl_A_sample.elf.eOOQKS.ltrans0.ltrans.o
                0x000000001ff5895c                CI0090.lto_priv.0
 .text.cwsl_tm_get_reg_tpl_number.part.0
                0x000000001ff5898c       0x34 C:\Users\cmshe\AppData\Local\Temp\cwsl_A_sample.elf.eOOQKS.ltrans0.ltrans.o
                0x000000001ff5898c                cwsl_tm_get_reg_tpl_number.part.0
 .text.cwsl_reg_record_start
                0x000000001ff589c0       0x22 C:\Users\cmshe\AppData\Local\Temp\cwsl_A_sample.elf.eOOQKS.ltrans0.ltrans.o
                0x000000001ff589c0                cwsl_reg_record_start
 .text.cwsl_recognize_start.constprop.0
                0x000000001ff589e2       0x2c C:\Users\cmshe\AppData\Local\Temp\cwsl_A_sample.elf.eOOQKS.ltrans0.ltrans.o
                0x000000001ff589e2                cwsl_recognize_start.constprop.0
 .text.cwsl_delete_word
                0x000000001ff58a0e       0x42 C:\Users\cmshe\AppData\Local\Temp\cwsl_A_sample.elf.eOOQKS.ltrans0.ltrans.o
                0x000000001ff58a0e                cwsl_delete_word
 .text.cwslreg_cmd_save
                0x000000001ff58a50       0x6e C:\Users\cmshe\AppData\Local\Temp\cwsl_A_sample.elf.eOOQKS.ltrans0.ltrans.o
                0x000000001ff58a50                cwslreg_cmd_save
 .text.cwslreg_cmd_clear
                0x000000001ff58abe       0x18 C:\Users\cmshe\AppData\Local\Temp\cwsl_A_sample.elf.eOOQKS.ltrans0.ltrans.o
                0x000000001ff58abe                cwslreg_cmd_clear
 .text.tpl_path_clear
                0x000000001ff58ad6       0x4e C:\Users\cmshe\AppData\Local\Temp\cwsl_A_sample.elf.eOOQKS.ltrans0.ltrans.o
                0x000000001ff58ad6                tpl_path_clear
 .text.rc_caller_set_freqvad_start_para_gain
                0x000000001ff58b24       0x40 C:\Users\cmshe\AppData\Local\Temp\cwsl_A_sample.elf.eOOQKS.ltrans0.ltrans.o
                0x000000001ff58b24                rc_caller_set_freqvad_start_para_gain
 .text.nuclear_com_send.constprop.0
                0x000000001ff58b64       0xba C:\Users\cmshe\AppData\Local\Temp\cwsl_A_sample.elf.eOOQKS.ltrans0.ltrans.o
                0x000000001ff58b64                nuclear_com_send.constprop.0
 .text.post_erase_flash.constprop.0
                0x000000001ff58c1e       0x70 C:\Users\cmshe\AppData\Local\Temp\cwsl_A_sample.elf.eOOQKS.ltrans0.ltrans.o
                0x000000001ff58c1e                post_erase_flash.constprop.0
 .text.cm_get_pcm_buffer.constprop.0
                0x000000001ff58c8e       0x90 C:\Users\cmshe\AppData\Local\Temp\cwsl_A_sample.elf.eOOQKS.ltrans0.ltrans.o
                0x000000001ff58c8e                cm_get_pcm_buffer.constprop.0
 .text.cm_write_codec.constprop.0
                0x000000001ff58d1e       0xa6 C:\Users\cmshe\AppData\Local\Temp\cwsl_A_sample.elf.eOOQKS.ltrans0.ltrans.o
                0x000000001ff58d1e                cm_write_codec.constprop.0
 .text.IISDMA_ChannelIntENConfig.constprop.0
                0x000000001ff58dc4       0x58 C:\Users\cmshe\AppData\Local\Temp\cwsl_A_sample.elf.eOOQKS.ltrans0.ltrans.o
                0x000000001ff58dc4                IISDMA_ChannelIntENConfig.constprop.0
 .text.cm_release_pcm_buffer.constprop.0
                0x000000001ff58e1c       0x6c C:\Users\cmshe\AppData\Local\Temp\cwsl_A_sample.elf.eOOQKS.ltrans0.ltrans.o
                0x000000001ff58e1c                cm_release_pcm_buffer.constprop.0
 .text.prompt_play_by_cmd_handle.constprop.0
                0x000000001ff58e88      0x1b4 C:\Users\cmshe\AppData\Local\Temp\cwsl_A_sample.elf.eOOQKS.ltrans0.ltrans.o
                0x000000001ff58e88                prompt_play_by_cmd_handle.constprop.0
 .text.prompt_play_by_cmd_id.constprop.0
                0x000000001ff5903c       0x1c C:\Users\cmshe\AppData\Local\Temp\cwsl_A_sample.elf.eOOQKS.ltrans0.ltrans.o
                0x000000001ff5903c                prompt_play_by_cmd_id.constprop.0
 .text.cwsl_app_process_asr_msg.constprop.0
                0x000000001ff59058      0x130 C:\Users\cmshe\AppData\Local\Temp\cwsl_A_sample.elf.eOOQKS.ltrans0.ltrans.o
                0x000000001ff59058                cwsl_app_process_asr_msg.constprop.0
 .text.nn_output_callback
                0x000000001ff59188      0x14a C:\Users\cmshe\AppData\Local\Temp\cwsl_A_sample.elf.eOOQKS.ltrans0.ltrans.o
                0x000000001ff59188                nn_output_callback
 .text.rc_callee_free_in_host
                0x000000001ff592d2       0x40 C:\Users\cmshe\AppData\Local\Temp\cwsl_A_sample.elf.eOOQKS.ltrans0.ltrans.o
                0x000000001ff592d2                rc_callee_free_in_host
 .text.get_g_prun_tab.constprop.0
                0x000000001ff59312       0x1c C:\Users\cmshe\AppData\Local\Temp\cwsl_A_sample.elf.eOOQKS.ltrans0.ltrans.o
                0x000000001ff59312                get_g_prun_tab.constprop.0
 .text.send_vadcfg_vadend_frames_msg.constprop.0
                0x000000001ff5932e       0x20 C:\Users\cmshe\AppData\Local\Temp\cwsl_A_sample.elf.eOOQKS.ltrans0.ltrans.o
                0x000000001ff5932e                send_vadcfg_vadend_frames_msg.constprop.0
 .text.send_result_to_usertask.constprop.0
                0x000000001ff5934e      0x22e C:\Users\cmshe\AppData\Local\Temp\cwsl_A_sample.elf.eOOQKS.ltrans0.ltrans.o
                0x000000001ff5934e                send_result_to_usertask.constprop.0
 .text.asrtop_asr_system_create_model.constprop.0
                0x000000001ff5957c       0x58 C:\Users\cmshe\AppData\Local\Temp\cwsl_A_sample.elf.eOOQKS.ltrans0.ltrans.o
                0x000000001ff5957c                asrtop_asr_system_create_model.constprop.0
 .text.update_lm_foraddcwsl
                0x000000001ff595d4       0x34 C:\Users\cmshe\AppData\Local\Temp\cwsl_A_sample.elf.eOOQKS.ltrans0.ltrans.o
 .text.cwsl_delete_tpl_sn
                0x000000001ff59608       0x14 C:\Users\cmshe\AppData\Local\Temp\cwsl_A_sample.elf.eOOQKS.ltrans0.ltrans.o
                0x000000001ff59608                cwsl_delete_tpl_sn
 .text.cwsl_manage_task
                0x000000001ff5961c      0x8f4 C:\Users\cmshe\AppData\Local\Temp\cwsl_A_sample.elf.eOOQKS.ltrans0.ltrans.o
                0x000000001ff5961c                cwsl_manage_task
 .text.efuse_read_data
                0x000000001ff59f10        0xe C:\Users\cmshe\AppData\Local\Temp\cwsl_A_sample.elf.eOOQKS.ltrans1.ltrans.o
 .text.efuse_check_int_state
                0x000000001ff59f1e       0x14 C:\Users\cmshe\AppData\Local\Temp\cwsl_A_sample.elf.eOOQKS.ltrans1.ltrans.o
 .text.efuse_int_clear
                0x000000001ff59f32       0x12 C:\Users\cmshe\AppData\Local\Temp\cwsl_A_sample.elf.eOOQKS.ltrans1.ltrans.o
 .text.efuse_check_idle
                0x000000001ff59f44        0xe C:\Users\cmshe\AppData\Local\Temp\cwsl_A_sample.elf.eOOQKS.ltrans1.ltrans.o
 .text.efuse_read_start
                0x000000001ff59f52        0xe C:\Users\cmshe\AppData\Local\Temp\cwsl_A_sample.elf.eOOQKS.ltrans1.ltrans.o
 .text.efuse_clk_freq_sel
                0x000000001ff59f60       0x10 C:\Users\cmshe\AppData\Local\Temp\cwsl_A_sample.elf.eOOQKS.ltrans1.ltrans.o
 .text.scu_unlock_reset_config
                0x000000001ff59f70       0x12 C:\Users\cmshe\AppData\Local\Temp\cwsl_A_sample.elf.eOOQKS.ltrans1.ltrans.o
 .text.scu_unlock_clk_config
                0x000000001ff59f82       0x12 C:\Users\cmshe\AppData\Local\Temp\cwsl_A_sample.elf.eOOQKS.ltrans1.ltrans.o
 .text.prvTaskExitError.lto_priv.0
                0x000000001ff59f94       0x16 C:\Users\cmshe\AppData\Local\Temp\cwsl_A_sample.elf.eOOQKS.ltrans1.ltrans.o
                0x000000001ff59f94                prvTaskExitError.lto_priv.0
 .text.decide_clear
                0x000000001ff59faa       0x16 C:\Users\cmshe\AppData\Local\Temp\cwsl_A_sample.elf.eOOQKS.ltrans1.ltrans.o
 .text.asrbest_result_clear
                0x000000001ff59fc0       0x40 C:\Users\cmshe\AppData\Local\Temp\cwsl_A_sample.elf.eOOQKS.ltrans1.ltrans.o
 .text.get_word_start_end_confidence
                0x000000001ff5a000       0x30 C:\Users\cmshe\AppData\Local\Temp\cwsl_A_sample.elf.eOOQKS.ltrans1.ltrans.o
 .text.asr_result_clear
                0x000000001ff5a030       0x2c C:\Users\cmshe\AppData\Local\Temp\cwsl_A_sample.elf.eOOQKS.ltrans1.ltrans.o
 .text.decoder_task_timeout_deal
                0x000000001ff5a05c       0x1c C:\Users\cmshe\AppData\Local\Temp\cwsl_A_sample.elf.eOOQKS.ltrans1.ltrans.o
 .text.audio_deal_one_frm_callback
                0x000000001ff5a078        0x2 C:\Users\cmshe\AppData\Local\Temp\cwsl_A_sample.elf.eOOQKS.ltrans1.ltrans.o
                0x000000001ff5a078                audio_deal_one_frm_callback
 .text.cwsl_play_done_callback_default
                0x000000001ff5a07a        0x2 C:\Users\cmshe\AppData\Local\Temp\cwsl_A_sample.elf.eOOQKS.ltrans1.ltrans.o
                0x000000001ff5a07a                cwsl_play_done_callback_default.lto_priv.0
 .text.uart_send_bytes
                0x000000001ff5a07c       0x22 C:\Users\cmshe\AppData\Local\Temp\cwsl_A_sample.elf.eOOQKS.ltrans1.ltrans.o
 .text.GPIO_IRQ_Default_proc
                0x000000001ff5a09e       0x46 C:\Users\cmshe\AppData\Local\Temp\cwsl_A_sample.elf.eOOQKS.ltrans1.ltrans.o
 .text.icodec_config
                0x000000001ff5a0e4      0x112 C:\Users\cmshe\AppData\Local\Temp\cwsl_A_sample.elf.eOOQKS.ltrans1.ltrans.o
 .text.icodec_stop
                0x000000001ff5a1f6       0x18 C:\Users\cmshe\AppData\Local\Temp\cwsl_A_sample.elf.eOOQKS.ltrans1.ltrans.o
 .text.inner_codec_adc_dig_gain_set
                0x000000001ff5a20e       0x44 C:\Users\cmshe\AppData\Local\Temp\cwsl_A_sample.elf.eOOQKS.ltrans1.ltrans.o
 .text.get_pga_gain_reg_data_from_db
                0x000000001ff5a252       0x3a C:\Users\cmshe\AppData\Local\Temp\cwsl_A_sample.elf.eOOQKS.ltrans1.ltrans.o
 .text.icodec_ioctl
                0x000000001ff5a28c       0xfe C:\Users\cmshe\AppData\Local\Temp\cwsl_A_sample.elf.eOOQKS.ltrans1.ltrans.o
 .text.get_combination_voice_number
                0x000000001ff5a38a       0x54 C:\Users\cmshe\AppData\Local\Temp\cwsl_A_sample.elf.eOOQKS.ltrans1.ltrans.o
 .text.wait_count_find_callback
                0x000000001ff5a3de       0x2a C:\Users\cmshe\AppData\Local\Temp\cwsl_A_sample.elf.eOOQKS.ltrans1.ltrans.o
 .text.cmd_string_find_callback
                0x000000001ff5a408       0x4a C:\Users\cmshe\AppData\Local\Temp\cwsl_A_sample.elf.eOOQKS.ltrans1.ltrans.o
 .text.cmd_id_find_callback
                0x000000001ff5a452       0x2a C:\Users\cmshe\AppData\Local\Temp\cwsl_A_sample.elf.eOOQKS.ltrans1.ltrans.o
 .text.scu_iis_codec_mclk_config
                0x000000001ff5a47c       0x8e C:\Users\cmshe\AppData\Local\Temp\cwsl_A_sample.elf.eOOQKS.ltrans1.ltrans.o
 .text.scu_iis_pad_mclk_config
                0x000000001ff5a50a       0x74 C:\Users\cmshe\AppData\Local\Temp\cwsl_A_sample.elf.eOOQKS.ltrans1.ltrans.o
 .text.scu_iis_pad_clk_config
                0x000000001ff5a57e       0x74 C:\Users\cmshe\AppData\Local\Temp\cwsl_A_sample.elf.eOOQKS.ltrans1.ltrans.o
 .text.scu_iis_clk_config
                0x000000001ff5a5f2       0xb2 C:\Users\cmshe\AppData\Local\Temp\cwsl_A_sample.elf.eOOQKS.ltrans1.ltrans.o
 .text.scu_iis_mclk_Config
                0x000000001ff5a6a4       0x92 C:\Users\cmshe\AppData\Local\Temp\cwsl_A_sample.elf.eOOQKS.ltrans1.ltrans.o
 .text.voice_probability_clear
                0x000000001ff5a736       0x24 C:\Users\cmshe\AppData\Local\Temp\cwsl_A_sample.elf.eOOQKS.ltrans1.ltrans.o
 .text.cmp_twice_confidence_clear
                0x000000001ff5a75a       0x2e C:\Users\cmshe\AppData\Local\Temp\cwsl_A_sample.elf.eOOQKS.ltrans1.ltrans.o
 .text.get_asr_result_for_final
                0x000000001ff5a788       0xd6 C:\Users\cmshe\AppData\Local\Temp\cwsl_A_sample.elf.eOOQKS.ltrans1.ltrans.o
 .text.decoder_setwordstag
                0x000000001ff5a85e       0x28 C:\Users\cmshe\AppData\Local\Temp\cwsl_A_sample.elf.eOOQKS.ltrans1.ltrans.o
 .text.decoder_set_misrecognition
                0x000000001ff5a886       0x6e C:\Users\cmshe\AppData\Local\Temp\cwsl_A_sample.elf.eOOQKS.ltrans1.ltrans.o
 .text.icodec_start
                0x000000001ff5a8f4       0x1a C:\Users\cmshe\AppData\Local\Temp\cwsl_A_sample.elf.eOOQKS.ltrans1.ltrans.o
 .text.cwsl_play_done_callback_with_start_record
                0x000000001ff5a90e        0xc C:\Users\cmshe\AppData\Local\Temp\cwsl_A_sample.elf.eOOQKS.ltrans1.ltrans.o
 .text.intercept_timer_callback
                0x000000001ff5a91a       0x20 C:\Users\cmshe\AppData\Local\Temp\cwsl_A_sample.elf.eOOQKS.ltrans1.ltrans.o
 .text.resume_asr
                0x000000001ff5a93a       0x9e C:\Users\cmshe\AppData\Local\Temp\cwsl_A_sample.elf.eOOQKS.ltrans1.ltrans.o
 .text.clean_play_queue
                0x000000001ff5a9d8       0x48 C:\Users\cmshe\AppData\Local\Temp\cwsl_A_sample.elf.eOOQKS.ltrans1.ltrans.o
 .text.cm_init  0x000000001ff5aa20       0x22 C:\Users\cmshe\AppData\Local\Temp\cwsl_A_sample.elf.eOOQKS.ltrans1.ltrans.o
 .text.dpmu_unlock_cfg_config
                0x000000001ff5aa42       0x12 C:\Users\cmshe\AppData\Local\Temp\cwsl_A_sample.elf.eOOQKS.ltrans1.ltrans.o
                0x000000001ff5aa42                dpmu_unlock_cfg_config
 .text.dpmu_config_update_en
                0x000000001ff5aa54       0x3c C:\Users\cmshe\AppData\Local\Temp\cwsl_A_sample.elf.eOOQKS.ltrans1.ltrans.o
 .text.dpmu_ldo3_lv_set
                0x000000001ff5aa90       0x34 C:\Users\cmshe\AppData\Local\Temp\cwsl_A_sample.elf.eOOQKS.ltrans1.ltrans.o
 .text.dpmu_ldo2_lv_set
                0x000000001ff5aac4       0x30 C:\Users\cmshe\AppData\Local\Temp\cwsl_A_sample.elf.eOOQKS.ltrans1.ltrans.o
 .text.dpmu_ldo1_lv_set
                0x000000001ff5aaf4       0x2a C:\Users\cmshe\AppData\Local\Temp\cwsl_A_sample.elf.eOOQKS.ltrans1.ltrans.o
 .text.dpmu_set_pmu_trim_value
                0x000000001ff5ab1e       0x34 C:\Users\cmshe\AppData\Local\Temp\cwsl_A_sample.elf.eOOQKS.ltrans1.ltrans.o
 .text.dpmu_set_io_pull
                0x000000001ff5ab52       0x40 C:\Users\cmshe\AppData\Local\Temp\cwsl_A_sample.elf.eOOQKS.ltrans1.ltrans.o
 .text.dpmu_software_reset_system_config
                0x000000001ff5ab92       0x2e C:\Users\cmshe\AppData\Local\Temp\cwsl_A_sample.elf.eOOQKS.ltrans1.ltrans.o
 .text.dpmu_get_pll_frequency
                0x000000001ff5abc0       0x3e C:\Users\cmshe\AppData\Local\Temp\cwsl_A_sample.elf.eOOQKS.ltrans1.ltrans.o
 .text.AON_EFUSE_IRQHandler
                0x000000001ff5abfe       0x72 C:\Users\cmshe\AppData\Local\Temp\cwsl_A_sample.elf.eOOQKS.ltrans1.ltrans.o
                0x000000001ff5abfe                AON_EFUSE_IRQHandler
 .text.scu_set_div_parameter
                0x000000001ff5ac70      0x2ce C:\Users\cmshe\AppData\Local\Temp\cwsl_A_sample.elf.eOOQKS.ltrans1.ltrans.o
                0x000000001ff5ac70                scu_set_div_parameter
 .text.scu_set_device_reset_release
                0x000000001ff5af3e      0x146 C:\Users\cmshe\AppData\Local\Temp\cwsl_A_sample.elf.eOOQKS.ltrans1.ltrans.o
                0x000000001ff5af3e                scu_set_device_reset_release
 .text.scu_set_device_reset
                0x000000001ff5b084      0x150 C:\Users\cmshe\AppData\Local\Temp\cwsl_A_sample.elf.eOOQKS.ltrans1.ltrans.o
                0x000000001ff5b084                scu_set_device_reset
 .text.scu_set_device_gate
                0x000000001ff5b1d4      0x1de C:\Users\cmshe\AppData\Local\Temp\cwsl_A_sample.elf.eOOQKS.ltrans1.ltrans.o
                0x000000001ff5b1d4                scu_set_device_gate
 .text.UART_BAUDRATEConfig
                0x000000001ff5b3b2       0x64 C:\Users\cmshe\AppData\Local\Temp\cwsl_A_sample.elf.eOOQKS.ltrans1.ltrans.o
 .text.icodec_init
                0x000000001ff5b416      0x39c C:\Users\cmshe\AppData\Local\Temp\cwsl_A_sample.elf.eOOQKS.ltrans1.ltrans.o
 .text.iis_clk_gate
                0x000000001ff5b7b2       0x50 C:\Users\cmshe\AppData\Local\Temp\cwsl_A_sample.elf.eOOQKS.ltrans1.ltrans.o
 .text.scu_unlock_system_config
                0x000000001ff5b802       0x12 C:\Users\cmshe\AppData\Local\Temp\cwsl_A_sample.elf.eOOQKS.ltrans1.ltrans.o
                0x000000001ff5b802                scu_unlock_system_config
 .text.MAIL_BOX_IRQHandler
                0x000000001ff5b814       0x52 C:\Users\cmshe\AppData\Local\Temp\cwsl_A_sample.elf.eOOQKS.ltrans1.ltrans.o
                0x000000001ff5b814                MAIL_BOX_IRQHandler
 .text.xPortSetInterruptMask
                0x000000001ff5b866       0x1e C:\Users\cmshe\AppData\Local\Temp\cwsl_A_sample.elf.eOOQKS.ltrans1.ltrans.o
                0x000000001ff5b866                xPortSetInterruptMask
 .text.vPortExitCritical
                0x000000001ff5b884       0x16 C:\Users\cmshe\AppData\Local\Temp\cwsl_A_sample.elf.eOOQKS.ltrans1.ltrans.o
                0x000000001ff5b884                vPortExitCritical
 .text.vPortEnterCritical
                0x000000001ff5b89a       0x20 C:\Users\cmshe\AppData\Local\Temp\cwsl_A_sample.elf.eOOQKS.ltrans1.ltrans.o
                0x000000001ff5b89a                vPortEnterCritical
 .text.vDoTaskSwitchContext
                0x000000001ff5b8ba       0x74 C:\Users\cmshe\AppData\Local\Temp\cwsl_A_sample.elf.eOOQKS.ltrans1.ltrans.o
                0x000000001ff5b8ba                vDoTaskSwitchContext
 .text.taskswitch
                0x000000001ff5b92e       0x14 C:\Users\cmshe\AppData\Local\Temp\cwsl_A_sample.elf.eOOQKS.ltrans1.ltrans.o
                0x000000001ff5b92e                taskswitch
 .text.vPortClearMSIPInt
                0x000000001ff5b942       0x12 C:\Users\cmshe\AppData\Local\Temp\cwsl_A_sample.elf.eOOQKS.ltrans1.ltrans.o
                0x000000001ff5b942                vPortClearMSIPInt
 .text.vPortSetMSIPInt
                0x000000001ff5b954       0x1a C:\Users\cmshe\AppData\Local\Temp\cwsl_A_sample.elf.eOOQKS.ltrans1.ltrans.o
                0x000000001ff5b954                vPortSetMSIPInt
 .text.vPortSysTickHandler
                0x000000001ff5b96e       0x60 C:\Users\cmshe\AppData\Local\Temp\cwsl_A_sample.elf.eOOQKS.ltrans1.ltrans.o
                0x000000001ff5b96e                vPortSysTickHandler
 .text.get_cwsl_cfd
                0x000000001ff5b9ce       0x4c C:\Users\cmshe\AppData\Local\Temp\cwsl_A_sample.elf.eOOQKS.ltrans1.ltrans.o
                0x000000001ff5b9ce                get_cwsl_cfd
 .text.asr_top_ept_cal_serve_rpmsg.lto_priv.0
                0x000000001ff5ba1a       0x1c C:\Users\cmshe\AppData\Local\Temp\cwsl_A_sample.elf.eOOQKS.ltrans1.ltrans.o
                0x000000001ff5ba1a                dnn_ept_cal_serve_rpmsg.lto_priv.0
                0x000000001ff5ba1a                asr_top_ept_cal_serve_rpmsg.lto_priv.0
                0x000000001ff5ba1a                vad_fe_ept_cal_serve_rpmsg.lto_priv.0
 .text.set_g_dnn_output2_enable
                0x000000001ff5ba36       0x1c C:\Users\cmshe\AppData\Local\Temp\cwsl_A_sample.elf.eOOQKS.ltrans1.ltrans.o
 .text.get_dnn_asr_skpnums
                0x000000001ff5ba52       0x1c C:\Users\cmshe\AppData\Local\Temp\cwsl_A_sample.elf.eOOQKS.ltrans1.ltrans.o
 .text.get_g_prun_count
                0x000000001ff5ba6e       0x1c C:\Users\cmshe\AppData\Local\Temp\cwsl_A_sample.elf.eOOQKS.ltrans1.ltrans.o
 .text.check_prun_nums
                0x000000001ff5ba8a       0x48 C:\Users\cmshe\AppData\Local\Temp\cwsl_A_sample.elf.eOOQKS.ltrans1.ltrans.o
 .text.decoder_lm_type_cfg
                0x000000001ff5bad2       0xb6 C:\Users\cmshe\AppData\Local\Temp\cwsl_A_sample.elf.eOOQKS.ltrans1.ltrans.o
 .text.get_g_asrtop_asrsys_clear_flag
                0x000000001ff5bb88       0x1c C:\Users\cmshe\AppData\Local\Temp\cwsl_A_sample.elf.eOOQKS.ltrans1.ltrans.o
 .text.set_g_asrtop_asrsys_clear_flag
                0x000000001ff5bba4       0x1c C:\Users\cmshe\AppData\Local\Temp\cwsl_A_sample.elf.eOOQKS.ltrans1.ltrans.o
 .text.decoder_bufinfo_clear
                0x000000001ff5bbc0       0x3e C:\Users\cmshe\AppData\Local\Temp\cwsl_A_sample.elf.eOOQKS.ltrans1.ltrans.o
 .text.flash_manage_ept_cal_serve_rpmsg.lto_priv.0
                0x000000001ff5bbfe       0x1c C:\Users\cmshe\AppData\Local\Temp\cwsl_A_sample.elf.eOOQKS.ltrans1.ltrans.o
                0x000000001ff5bbfe                flash_manage_ept_cal_serve_rpmsg.lto_priv.0
 .text.give_flash_sem.lto_priv.0
                0x000000001ff5bc1a       0x1e C:\Users\cmshe\AppData\Local\Temp\cwsl_A_sample.elf.eOOQKS.ltrans1.ltrans.o
                0x000000001ff5bc1a                give_flash_sem.lto_priv.0
 .text.dynmic_confidence_compute
                0x000000001ff5bc38        0x4 C:\Users\cmshe\AppData\Local\Temp\cwsl_A_sample.elf.eOOQKS.ltrans1.ltrans.o
                0x000000001ff5bc38                dynmic_confidence_compute
 .text.decoder_port_malloc
                0x000000001ff5bc3c       0x14 C:\Users\cmshe\AppData\Local\Temp\cwsl_A_sample.elf.eOOQKS.ltrans1.ltrans.o
                0x000000001ff5bc3c                decoder_port_malloc
 .text.cwsl_app_reg_word_new.part.0
                0x000000001ff5bc50       0x86 C:\Users\cmshe\AppData\Local\Temp\cwsl_A_sample.elf.eOOQKS.ltrans1.ltrans.o
                0x000000001ff5bc50                cwsl_app_reg_word_new.part.0
 .text.spic_config_init.lto_priv.0
                0x000000001ff5bcd6       0x44 C:\Users\cmshe\AppData\Local\Temp\cwsl_A_sample.elf.eOOQKS.ltrans1.ltrans.o
                0x000000001ff5bcd6                spic_config_init.lto_priv.0
 .text.AON_PC_IRQHandler
                0x000000001ff5bd1a       0x12 C:\Users\cmshe\AppData\Local\Temp\cwsl_A_sample.elf.eOOQKS.ltrans1.ltrans.o
                0x000000001ff5bd1a                AON_PC_IRQHandler
 .text.PB_IRQHandler
                0x000000001ff5bd2c       0x12 C:\Users\cmshe\AppData\Local\Temp\cwsl_A_sample.elf.eOOQKS.ltrans1.ltrans.o
                0x000000001ff5bd2c                PB_IRQHandler
 .text.PA_IRQHandler
                0x000000001ff5bd3e       0x12 C:\Users\cmshe\AppData\Local\Temp\cwsl_A_sample.elf.eOOQKS.ltrans1.ltrans.o
                0x000000001ff5bd3e                PA_IRQHandler
 .text.check_curr_trap
                0x000000001ff5bd50        0xe C:\Users\cmshe\AppData\Local\Temp\cwsl_A_sample.elf.eOOQKS.ltrans1.ltrans.o
                0x000000001ff5bd50                check_curr_trap
 .text.flash_manage_give_op_done_sem
                0x000000001ff5bd5e       0x32 C:\Users\cmshe\AppData\Local\Temp\cwsl_A_sample.elf.eOOQKS.ltrans1.ltrans.o
 .text.flash_manage_nuclear_com_outside_serve_cb
                0x000000001ff5bd90       0x42 C:\Users\cmshe\AppData\Local\Temp\cwsl_A_sample.elf.eOOQKS.ltrans1.ltrans.o
 .text.send_msg_to_sys_task
                0x000000001ff5bdd2       0x30 C:\Users\cmshe\AppData\Local\Temp\cwsl_A_sample.elf.eOOQKS.ltrans1.ltrans.o
 .text.uart_irq_handler
                0x000000001ff5be02       0xb4 C:\Users\cmshe\AppData\Local\Temp\cwsl_A_sample.elf.eOOQKS.ltrans1.ltrans.o
 .text.exit_wakeup_timer_callback
                0x000000001ff5beb6       0x26 C:\Users\cmshe\AppData\Local\Temp\cwsl_A_sample.elf.eOOQKS.ltrans1.ltrans.o
 .text.eclic_set_irq_lvl_abs.lto_priv.0
                0x000000001ff5bedc       0x4a C:\Users\cmshe\AppData\Local\Temp\cwsl_A_sample.elf.eOOQKS.ltrans1.ltrans.o
                0x000000001ff5bedc                eclic_set_irq_lvl_abs.lto_priv.0
 .text.vPortSetup
                0x000000001ff5bf26       0x9a C:\Users\cmshe\AppData\Local\Temp\cwsl_A_sample.elf.eOOQKS.ltrans1.ltrans.o
                0x000000001ff5bf26                vPortSetup
 .text.cm_set_codec_alc
                0x000000001ff5bfc0       0x32 C:\Users\cmshe\AppData\Local\Temp\cwsl_A_sample.elf.eOOQKS.ltrans1.ltrans.o
                0x000000001ff5bfc0                cm_set_codec_alc
 .text.decoder_port_free
                0x000000001ff5bff2       0x10 C:\Users\cmshe\AppData\Local\Temp\cwsl_A_sample.elf.eOOQKS.ltrans1.ltrans.o
                0x000000001ff5bff2                decoder_port_free
 .text.decoder_release
                0x000000001ff5c002      0x19e C:\Users\cmshe\AppData\Local\Temp\cwsl_A_sample.elf.eOOQKS.ltrans1.ltrans.o
 .text.codec_manage_inner_serve_cb
                0x000000001ff5c1a0       0x84 C:\Users\cmshe\AppData\Local\Temp\cwsl_A_sample.elf.eOOQKS.ltrans1.ltrans.o
 .text.cmd_info_find_command_by_string
                0x000000001ff5c224       0x76 C:\Users\cmshe\AppData\Local\Temp\cwsl_A_sample.elf.eOOQKS.ltrans1.ltrans.o
                0x000000001ff5c224                cmd_info_find_command_by_string
 .text.cmd_info_find_command_by_id
                0x000000001ff5c29a       0x60 C:\Users\cmshe\AppData\Local\Temp\cwsl_A_sample.elf.eOOQKS.ltrans1.ltrans.o
                0x000000001ff5c29a                cmd_info_find_command_by_id
 .text.is_valid_cmd_handle
                0x000000001ff5c2fa       0x1e C:\Users\cmshe\AppData\Local\Temp\cwsl_A_sample.elf.eOOQKS.ltrans1.ltrans.o
                0x000000001ff5c2fa                is_valid_cmd_handle
 .text.cmd_info_get_special_wait_count
                0x000000001ff5c318       0x82 C:\Users\cmshe\AppData\Local\Temp\cwsl_A_sample.elf.eOOQKS.ltrans1.ltrans.o
                0x000000001ff5c318                cmd_info_get_special_wait_count
 .text.cmd_info_is_wakeup_word
                0x000000001ff5c39a       0x42 C:\Users\cmshe\AppData\Local\Temp\cwsl_A_sample.elf.eOOQKS.ltrans1.ltrans.o
                0x000000001ff5c39a                cmd_info_is_wakeup_word
 .text.cmd_info_get_cmd_score
                0x000000001ff5c3dc       0x44 C:\Users\cmshe\AppData\Local\Temp\cwsl_A_sample.elf.eOOQKS.ltrans1.ltrans.o
                0x000000001ff5c3dc                cmd_info_get_cmd_score
 .text.judge_hasresult_early
                0x000000001ff5c420      0x3f2 C:\Users\cmshe\AppData\Local\Temp\cwsl_A_sample.elf.eOOQKS.ltrans1.ltrans.o
 .text.cmd_info_get_command_id
                0x000000001ff5c812       0x52 C:\Users\cmshe\AppData\Local\Temp\cwsl_A_sample.elf.eOOQKS.ltrans1.ltrans.o
 .text.mailbox_send_msg
                0x000000001ff5c864       0xba C:\Users\cmshe\AppData\Local\Temp\cwsl_A_sample.elf.eOOQKS.ltrans1.ltrans.o
                0x000000001ff5c864                mailbox_send_msg
 .text.remote_call_task
                0x000000001ff5c91e       0xfe C:\Users\cmshe\AppData\Local\Temp\cwsl_A_sample.elf.eOOQKS.ltrans1.ltrans.o
 .text.nuclear_com_irq_handler
                0x000000001ff5ca1c      0x17a C:\Users\cmshe\AppData\Local\Temp\cwsl_A_sample.elf.eOOQKS.ltrans1.ltrans.o
 .text.ulSynchTrap
                0x000000001ff5cb96      0x110 C:\Users\cmshe\AppData\Local\Temp\cwsl_A_sample.elf.eOOQKS.ltrans1.ltrans.o
                0x000000001ff5cb96                ulSynchTrap
 .text.app_deal_asr_reuslt_callback
                0x000000001ff5cca6      0x4c8 C:\Users\cmshe\AppData\Local\Temp\cwsl_A_sample.elf.eOOQKS.ltrans1.ltrans.o
 .text.flash_manage_req_wait_op_done_sem.lto_priv.0
                0x000000001ff5d16e       0x48 C:\Users\cmshe\AppData\Local\Temp\cwsl_A_sample.elf.eOOQKS.ltrans1.ltrans.o
                0x000000001ff5d16e                flash_manage_req_wait_op_done_sem.lto_priv.0
 .text.wait_flash_sem.lto_priv.0
                0x000000001ff5d1b6       0x3e C:\Users\cmshe\AppData\Local\Temp\cwsl_A_sample.elf.eOOQKS.ltrans1.ltrans.o
                0x000000001ff5d1b6                wait_flash_sem.lto_priv.0
 .text.post_write_flash
                0x000000001ff5d1f4       0x3e C:\Users\cmshe\AppData\Local\Temp\cwsl_A_sample.elf.eOOQKS.ltrans1.ltrans.o
                0x000000001ff5d1f4                post_write_flash
 .text.post_read_flash
                0x000000001ff5d232       0x94 C:\Users\cmshe\AppData\Local\Temp\cwsl_A_sample.elf.eOOQKS.ltrans1.ltrans.o
                0x000000001ff5d232                post_read_flash
 .text.traverse_feb
                0x000000001ff5d2c6      0x26c C:\Users\cmshe\AppData\Local\Temp\cwsl_A_sample.elf.eOOQKS.ltrans1.ltrans.o
 .text.find_item
                0x000000001ff5d532       0x58 C:\Users\cmshe\AppData\Local\Temp\cwsl_A_sample.elf.eOOQKS.ltrans1.ltrans.o
 .text.find_id.lto_priv.0
                0x000000001ff5d58a       0x40 C:\Users\cmshe\AppData\Local\Temp\cwsl_A_sample.elf.eOOQKS.ltrans1.ltrans.o
                0x000000001ff5d58a                find_id.lto_priv.0
 .text.reclaim_block
                0x000000001ff5d5ca       0x54 C:\Users\cmshe\AppData\Local\Temp\cwsl_A_sample.elf.eOOQKS.ltrans1.ltrans.o
 .text.init_item
                0x000000001ff5d61e       0xca C:\Users\cmshe\AppData\Local\Temp\cwsl_A_sample.elf.eOOQKS.ltrans1.ltrans.o
 .text.decoder_switchfst_done
                0x000000001ff5d6e8       0x36 C:\Users\cmshe\AppData\Local\Temp\cwsl_A_sample.elf.eOOQKS.ltrans1.ltrans.o
 .text.decoder_task_clear_done
                0x000000001ff5d71e       0x36 C:\Users\cmshe\AppData\Local\Temp\cwsl_A_sample.elf.eOOQKS.ltrans1.ltrans.o
 .text.decoder_release_done
                0x000000001ff5d754       0x36 C:\Users\cmshe\AppData\Local\Temp\cwsl_A_sample.elf.eOOQKS.ltrans1.ltrans.o
 .text.decodersys_clear
                0x000000001ff5d78a       0x60 C:\Users\cmshe\AppData\Local\Temp\cwsl_A_sample.elf.eOOQKS.ltrans1.ltrans.o
 .text.decoder_engine_graph_check
                0x000000001ff5d7ea      0x1d8 C:\Users\cmshe\AppData\Local\Temp\cwsl_A_sample.elf.eOOQKS.ltrans1.ltrans.o
 .text.decoder_parameter_cfg
                0x000000001ff5d9c2      0x1b6 C:\Users\cmshe\AppData\Local\Temp\cwsl_A_sample.elf.eOOQKS.ltrans1.ltrans.o
 .text.switch_decoder_fst.isra.0
                0x000000001ff5db78      0x198 C:\Users\cmshe\AppData\Local\Temp\cwsl_A_sample.elf.eOOQKS.ltrans1.ltrans.o
 .text.decoer_create_lm_get_ac_info
                0x000000001ff5dd10      0x552 C:\Users\cmshe\AppData\Local\Temp\cwsl_A_sample.elf.eOOQKS.ltrans1.ltrans.o
 .text.decoder_rpmsg_serve_cb
                0x000000001ff5e262      0x330 C:\Users\cmshe\AppData\Local\Temp\cwsl_A_sample.elf.eOOQKS.ltrans1.ltrans.o
 .text.asr_top_outside_serve_cb
                0x000000001ff5e592       0x76 C:\Users\cmshe\AppData\Local\Temp\cwsl_A_sample.elf.eOOQKS.ltrans1.ltrans.o
 .text.on_cwsl_record_end
                0x000000001ff5e608       0xbc C:\Users\cmshe\AppData\Local\Temp\cwsl_A_sample.elf.eOOQKS.ltrans1.ltrans.o
                0x000000001ff5e608                on_cwsl_record_end
 .text.on_cwsl_reg_start
                0x000000001ff5e6c4       0x98 C:\Users\cmshe\AppData\Local\Temp\cwsl_A_sample.elf.eOOQKS.ltrans1.ltrans.o
                0x000000001ff5e6c4                on_cwsl_reg_start
 .text.exit_wakeup_deal
                0x000000001ff5e75c       0x76 C:\Users\cmshe\AppData\Local\Temp\cwsl_A_sample.elf.eOOQKS.ltrans1.ltrans.o
 .text.IIC0_IRQHandler
                0x000000001ff5e7d2      0x27a C:\Users\cmshe\AppData\Local\Temp\cwsl_A_sample.elf.eOOQKS.ltrans1.ltrans.o
                0x000000001ff5e7d2                IIC0_IRQHandler
 .text.iis_wait_load_ctrl
                0x000000001ff5ea4c       0x38 C:\Users\cmshe\AppData\Local\Temp\cwsl_A_sample.elf.eOOQKS.ltrans1.ltrans.o
                0x000000001ff5ea4c                iis_wait_load_ctrl
 .text.IISxDMA_TADDR0.part.0
                0x000000001ff5ea84       0x2c C:\Users\cmshe\AppData\Local\Temp\cwsl_A_sample.elf.eOOQKS.ltrans1.ltrans.o
 .text.cm_output_interrupt_handler
                0x000000001ff5eab0      0x102 C:\Users\cmshe\AppData\Local\Temp\cwsl_A_sample.elf.eOOQKS.ltrans1.ltrans.o
 .text.IISDMA_ADDRRollBackINT.part.0
                0x000000001ff5ebb2       0x2c C:\Users\cmshe\AppData\Local\Temp\cwsl_A_sample.elf.eOOQKS.ltrans1.ltrans.o
                0x000000001ff5ebb2                IISDMA_ADDRRollBackINT.part.0
 .text.cm_input_interrupt_handler
                0x000000001ff5ebde       0x7c C:\Users\cmshe\AppData\Local\Temp\cwsl_A_sample.elf.eOOQKS.ltrans1.ltrans.o
 .text.IIS_DMA_IRQHandler
                0x000000001ff5ec5a      0x112 C:\Users\cmshe\AppData\Local\Temp\cwsl_A_sample.elf.eOOQKS.ltrans1.ltrans.o
                0x000000001ff5ec5a                IIS_DMA_IRQHandler
 .text.get_iis_dma_channel.lto_priv.0
                0x000000001ff5ed6c       0x58 C:\Users\cmshe\AppData\Local\Temp\cwsl_A_sample.elf.eOOQKS.ltrans1.ltrans.o
                0x000000001ff5ed6c                get_iis_dma_channel.lto_priv.0
 .text.cm_config_codec.part.0
                0x000000001ff5edc4      0x6a0 C:\Users\cmshe\AppData\Local\Temp\cwsl_A_sample.elf.eOOQKS.ltrans1.ltrans.o
                0x000000001ff5edc4                cm_config_codec.part.0
 .text.init_iis.isra.0
                0x000000001ff5f464       0x8a C:\Users\cmshe\AppData\Local\Temp\cwsl_A_sample.elf.eOOQKS.ltrans1.ltrans.o
 .text.cm_start_codec
                0x000000001ff5f4ee      0x1de C:\Users\cmshe\AppData\Local\Temp\cwsl_A_sample.elf.eOOQKS.ltrans1.ltrans.o
                0x000000001ff5f4ee                cm_start_codec
 .text.asr_result_callback
                0x000000001ff5f6cc      0x210 C:\Users\cmshe\AppData\Local\Temp\cwsl_A_sample.elf.eOOQKS.ltrans1.ltrans.o
                0x000000001ff5f6cc                asr_result_callback
 .text.audio_in_manage_inner_task
                0x000000001ff5f8dc      0x216 C:\Users\cmshe\AppData\Local\Temp\cwsl_A_sample.elf.eOOQKS.ltrans1.ltrans.o
 .text.prompt_play_inner.isra.0.lto_priv.0
                0x000000001ff5faf2      0x284 C:\Users\cmshe\AppData\Local\Temp\cwsl_A_sample.elf.eOOQKS.ltrans1.ltrans.o
                0x000000001ff5faf2                prompt_play_inner.isra.0.lto_priv.0
 .text.combination_callback.lto_priv.0
                0x000000001ff5fd76       0xcc C:\Users\cmshe\AppData\Local\Temp\cwsl_A_sample.elf.eOOQKS.ltrans1.ltrans.o
                0x000000001ff5fd76                combination_callback.lto_priv.0
 .text.realloc_buffer
                0x000000001ff5fe42       0x3a C:\Users\cmshe\AppData\Local\Temp\cwsl_A_sample.elf.eOOQKS.ltrans1.ltrans.o
 .text.cmd_info_change_cur_model_group_inner.part.0
                0x000000001ff5fe7c      0x114 C:\Users\cmshe\AppData\Local\Temp\cwsl_A_sample.elf.eOOQKS.ltrans1.ltrans.o
 .text.cmd_file_change_cur_model_group
                0x000000001ff5ff90       0xac C:\Users\cmshe\AppData\Local\Temp\cwsl_A_sample.elf.eOOQKS.ltrans1.ltrans.o
 .text.cmd_info_change_cur_model_group.part.0
                0x000000001ff6003c       0x6e C:\Users\cmshe\AppData\Local\Temp\cwsl_A_sample.elf.eOOQKS.ltrans1.ltrans.o
 .text.change_asr_normal_word
                0x000000001ff600aa       0x54 C:\Users\cmshe\AppData\Local\Temp\cwsl_A_sample.elf.eOOQKS.ltrans1.ltrans.o
 .text.cinv_port_mutex_give
                0x000000001ff600fe       0x36 C:\Users\cmshe\AppData\Local\Temp\cwsl_A_sample.elf.eOOQKS.ltrans1.ltrans.o
                0x000000001ff600fe                cinv_port_mutex_give
 .text.cinv_port_mutex_take
                0x000000001ff60134       0x32 C:\Users\cmshe\AppData\Local\Temp\cwsl_A_sample.elf.eOOQKS.ltrans1.ltrans.o
                0x000000001ff60134                cinv_port_mutex_take
 .text.vol_set  0x000000001ff60166       0xb8 C:\Users\cmshe\AppData\Local\Temp\cwsl_A_sample.elf.eOOQKS.ltrans1.ltrans.o
 .text.cinv_item_init.part.0
                0x000000001ff6021e       0x46 C:\Users\cmshe\AppData\Local\Temp\cwsl_A_sample.elf.eOOQKS.ltrans1.ltrans.o
                0x000000001ff6021e                cinv_item_init.part.0
 .text.cinv_item_read
                0x000000001ff60264       0xc4 C:\Users\cmshe\AppData\Local\Temp\cwsl_A_sample.elf.eOOQKS.ltrans1.ltrans.o
 .text.UserTaskManageProcess
                0x000000001ff60328      0x826 C:\Users\cmshe\AppData\Local\Temp\cwsl_A_sample.elf.eOOQKS.ltrans1.ltrans.o
 .text.send_notdeal_msg_to_decoder_queue
                0x000000001ff60b4e       0xca C:\Users\cmshe\AppData\Local\Temp\cwsl_A_sample.elf.eOOQKS.ltrans1.ltrans.o
 .text.clear_decode_queuemsg
                0x000000001ff60c18       0xe0 C:\Users\cmshe\AppData\Local\Temp\cwsl_A_sample.elf.eOOQKS.ltrans1.ltrans.o
 .text.decoder_manage_task
                0x000000001ff60cf8      0x7a6 C:\Users\cmshe\AppData\Local\Temp\cwsl_A_sample.elf.eOOQKS.ltrans1.ltrans.o
 .text.task_init
                0x000000001ff6149e     0x10f8 C:\Users\cmshe\AppData\Local\Temp\cwsl_A_sample.elf.eOOQKS.ltrans1.ltrans.o
 .text.other_func_serve_cb
                0x000000001ff62596       0x1a C:\Users\cmshe\AppData\Local\Temp\cwsl_A_sample.elf.eOOQKS.ltrans2.ltrans.o
                0x000000001ff62596                other_func_serve_cb
 .text.ADPCM_Decode
                0x000000001ff625b0       0xa0 C:\Users\cmshe\AppData\Local\Temp\cwsl_A_sample.elf.eOOQKS.ltrans2.ltrans.o
 .text.de_codeadpcm_mono_to_mono
                0x000000001ff62650       0x3e C:\Users\cmshe\AppData\Local\Temp\cwsl_A_sample.elf.eOOQKS.ltrans2.ltrans.o
 .text.save_audio_info
                0x000000001ff6268e       0x6e C:\Users\cmshe\AppData\Local\Temp\cwsl_A_sample.elf.eOOQKS.ltrans2.ltrans.o
 .text.audio_play_prompt_init
                0x000000001ff626fc        0x4 C:\Users\cmshe\AppData\Local\Temp\cwsl_A_sample.elf.eOOQKS.ltrans2.ltrans.o
                0x000000001ff626fc                audio_play_prompt_init
 .text.do_call_callback_fun
                0x000000001ff62700       0x30 C:\Users\cmshe\AppData\Local\Temp\cwsl_A_sample.elf.eOOQKS.ltrans2.ltrans.o
 .text.audio_play_prompt_destroy
                0x000000001ff62730        0x4 C:\Users\cmshe\AppData\Local\Temp\cwsl_A_sample.elf.eOOQKS.ltrans2.ltrans.o
                0x000000001ff62730                audio_play_prompt_destroy
 .text.audio_play_prompt_clear
                0x000000001ff62734        0xc C:\Users\cmshe\AppData\Local\Temp\cwsl_A_sample.elf.eOOQKS.ltrans2.ltrans.o
                0x000000001ff62734                audio_play_prompt_clear
 .text.audio_play_adpcm_decode
                0x000000001ff62740       0x62 C:\Users\cmshe\AppData\Local\Temp\cwsl_A_sample.elf.eOOQKS.ltrans2.ltrans.o
                0x000000001ff62740                audio_play_adpcm_decode
 .text.audio_play_ms_wav_decode
                0x000000001ff627a2       0x9c C:\Users\cmshe\AppData\Local\Temp\cwsl_A_sample.elf.eOOQKS.ltrans2.ltrans.o
 .text.audio_play_adpcm_decode2
                0x000000001ff6283e      0x132 C:\Users\cmshe\AppData\Local\Temp\cwsl_A_sample.elf.eOOQKS.ltrans2.ltrans.o
 .text.audio_play_mp3_clear
                0x000000001ff62970       0x16 C:\Users\cmshe\AppData\Local\Temp\cwsl_A_sample.elf.eOOQKS.ltrans2.ltrans.o
                0x000000001ff62970                audio_play_mp3_clear
 .text.audio_play_mp3_destroy
                0x000000001ff62986       0x1e C:\Users\cmshe\AppData\Local\Temp\cwsl_A_sample.elf.eOOQKS.ltrans2.ltrans.o
                0x000000001ff62986                audio_play_mp3_destroy
 .text.prvInsertBlockIntoFreeList
                0x000000001ff629a4       0x42 C:\Users\cmshe\AppData\Local\Temp\cwsl_A_sample.elf.eOOQKS.ltrans2.ltrans.o
 .text.prvResetNextTaskUnblockTime
                0x000000001ff629e6       0x1c C:\Users\cmshe\AppData\Local\Temp\cwsl_A_sample.elf.eOOQKS.ltrans2.ltrans.o
 .text.prvCopyDataFromQueue
                0x000000001ff62a02       0x2c C:\Users\cmshe\AppData\Local\Temp\cwsl_A_sample.elf.eOOQKS.ltrans2.ltrans.o
 .text.uxListRemove
                0x000000001ff62a2e       0x20 C:\Users\cmshe\AppData\Local\Temp\cwsl_A_sample.elf.eOOQKS.ltrans2.ltrans.o
 .text.vListInsert
                0x000000001ff62a4e       0x2e C:\Users\cmshe\AppData\Local\Temp\cwsl_A_sample.elf.eOOQKS.ltrans2.ltrans.o
 .text.prvInsertTimerInActiveList
                0x000000001ff62a7c       0x3e C:\Users\cmshe\AppData\Local\Temp\cwsl_A_sample.elf.eOOQKS.ltrans2.ltrans.o
 .text.xTaskCheckForTimeOut
                0x000000001ff62aba       0x64 C:\Users\cmshe\AppData\Local\Temp\cwsl_A_sample.elf.eOOQKS.ltrans2.ltrans.o
 .text.prvIsQueueEmpty
                0x000000001ff62b1e       0x18 C:\Users\cmshe\AppData\Local\Temp\cwsl_A_sample.elf.eOOQKS.ltrans2.ltrans.o
 .text.prvSwitchTimerLists
                0x000000001ff62b36       0x64 C:\Users\cmshe\AppData\Local\Temp\cwsl_A_sample.elf.eOOQKS.ltrans2.ltrans.o
 .text.load_freq_correct_factor
                0x000000001ff62b9a      0x370 C:\Users\cmshe\AppData\Local\Temp\cwsl_A_sample.elf.eOOQKS.ltrans2.ltrans.o
 .text.write_feb_status.lto_priv.0
                0x000000001ff62f0a       0x56 C:\Users\cmshe\AppData\Local\Temp\cwsl_A_sample.elf.eOOQKS.ltrans2.ltrans.o
                0x000000001ff62f0a                write_feb_status.lto_priv.0
 .text.write_item_status.lto_priv.0
                0x000000001ff62f60       0x88 C:\Users\cmshe\AppData\Local\Temp\cwsl_A_sample.elf.eOOQKS.ltrans2.ltrans.o
                0x000000001ff62f60                write_item_status.lto_priv.0
 .text.hotid_update.lto_priv.0
                0x000000001ff62fe8       0x1c C:\Users\cmshe\AppData\Local\Temp\cwsl_A_sample.elf.eOOQKS.ltrans2.ltrans.o
                0x000000001ff62fe8                hotid_update.lto_priv.0
 .text.write_item.lto_priv.0
                0x000000001ff63004      0x11a C:\Users\cmshe\AppData\Local\Temp\cwsl_A_sample.elf.eOOQKS.ltrans2.ltrans.o
                0x000000001ff63004                write_item.lto_priv.0
 .text.erase_feb.lto_priv.0
                0x000000001ff6311e       0x32 C:\Users\cmshe\AppData\Local\Temp\cwsl_A_sample.elf.eOOQKS.ltrans2.ltrans.o
                0x000000001ff6311e                erase_feb.lto_priv.0
 .text.ciss_set
                0x000000001ff63150       0x16 C:\Users\cmshe\AppData\Local\Temp\cwsl_A_sample.elf.eOOQKS.ltrans2.ltrans.o
                0x000000001ff63150                ciss_set
 .text.registe_decoder_ops
                0x000000001ff63166       0x20 C:\Users\cmshe\AppData\Local\Temp\cwsl_A_sample.elf.eOOQKS.ltrans2.ltrans.o
                0x000000001ff63166                registe_decoder_ops
 .text.cached_flash_reader_read
                0x000000001ff63186       0xa6 C:\Users\cmshe\AppData\Local\Temp\cwsl_A_sample.elf.eOOQKS.ltrans2.ltrans.o
                0x000000001ff63186                cached_flash_reader_read
 .text._printf  0x000000001ff6322c       0x76 C:\Users\cmshe\AppData\Local\Temp\cwsl_A_sample.elf.eOOQKS.ltrans2.ltrans.o
                0x000000001ff6322c                _printf
 .text.audio_play_prompt_config
                0x000000001ff632a2       0xac C:\Users\cmshe\AppData\Local\Temp\cwsl_A_sample.elf.eOOQKS.ltrans2.ltrans.o
                0x000000001ff632a2                audio_play_prompt_config
 .text.audio_play_mp3_decode
                0x000000001ff6334e      0x110 C:\Users\cmshe\AppData\Local\Temp\cwsl_A_sample.elf.eOOQKS.ltrans2.ltrans.o
                0x000000001ff6334e                audio_play_mp3_decode
 .text.audio_play_mp3_init
                0x000000001ff6345e       0x2e C:\Users\cmshe\AppData\Local\Temp\cwsl_A_sample.elf.eOOQKS.ltrans2.ltrans.o
                0x000000001ff6345e                audio_play_mp3_init
 .text.xTaskGetSchedulerState
                0x000000001ff6348c       0x14 C:\Users\cmshe\AppData\Local\Temp\cwsl_A_sample.elf.eOOQKS.ltrans2.ltrans.o
                0x000000001ff6348c                xTaskGetSchedulerState
 .text.xTaskGetTickCount
                0x000000001ff634a0       0x1c C:\Users\cmshe\AppData\Local\Temp\cwsl_A_sample.elf.eOOQKS.ltrans2.ltrans.o
                0x000000001ff634a0                xTaskGetTickCount
 .text.vTaskSuspendAll
                0x000000001ff634bc        0xc C:\Users\cmshe\AppData\Local\Temp\cwsl_A_sample.elf.eOOQKS.ltrans2.ltrans.o
                0x000000001ff634bc                vTaskSuspendAll
 .text.vListInsertEnd
                0x000000001ff634c8       0x18 C:\Users\cmshe\AppData\Local\Temp\cwsl_A_sample.elf.eOOQKS.ltrans2.ltrans.o
                0x000000001ff634c8                vListInsertEnd
 .text.prvAddCurrentTaskToDelayedList
                0x000000001ff634e0       0x70 C:\Users\cmshe\AppData\Local\Temp\cwsl_A_sample.elf.eOOQKS.ltrans2.ltrans.o
 .text.vTaskPlaceOnEventList
                0x000000001ff63550       0x1c C:\Users\cmshe\AppData\Local\Temp\cwsl_A_sample.elf.eOOQKS.ltrans2.ltrans.o
 .text.xTaskRemoveFromEventList
                0x000000001ff6356c       0x70 C:\Users\cmshe\AppData\Local\Temp\cwsl_A_sample.elf.eOOQKS.ltrans2.ltrans.o
                0x000000001ff6356c                xTaskRemoveFromEventList
 .text.audio_play_queue_reset
                0x000000001ff635dc       0x4c C:\Users\cmshe\AppData\Local\Temp\cwsl_A_sample.elf.eOOQKS.ltrans2.ltrans.o
 .text.prvUnlockQueue
                0x000000001ff63628       0x7a C:\Users\cmshe\AppData\Local\Temp\cwsl_A_sample.elf.eOOQKS.ltrans2.ltrans.o
 .text.xQueueReceiveFromISR
                0x000000001ff636a2       0x76 C:\Users\cmshe\AppData\Local\Temp\cwsl_A_sample.elf.eOOQKS.ltrans2.ltrans.o
                0x000000001ff636a2                xQueueReceiveFromISR
 .text.xQueueGiveFromISR
                0x000000001ff63718       0x60 C:\Users\cmshe\AppData\Local\Temp\cwsl_A_sample.elf.eOOQKS.ltrans2.ltrans.o
                0x000000001ff63718                xQueueGiveFromISR
 .text.xTaskIncrementTick
                0x000000001ff63778       0xe4 C:\Users\cmshe\AppData\Local\Temp\cwsl_A_sample.elf.eOOQKS.ltrans2.ltrans.o
                0x000000001ff63778                xTaskIncrementTick
 .text.xTaskResumeAll
                0x000000001ff6385c       0xbe C:\Users\cmshe\AppData\Local\Temp\cwsl_A_sample.elf.eOOQKS.ltrans2.ltrans.o
                0x000000001ff6385c                xTaskResumeAll
 .text.vPortFree
                0x000000001ff6391a       0x4a C:\Users\cmshe\AppData\Local\Temp\cwsl_A_sample.elf.eOOQKS.ltrans2.ltrans.o
                0x000000001ff6391a                vPortFree
 .text.free_bak_data
                0x000000001ff63964       0x26 C:\Users\cmshe\AppData\Local\Temp\cwsl_A_sample.elf.eOOQKS.ltrans2.ltrans.o
 .text.prvIdleTask.lto_priv.0
                0x000000001ff6398a       0x60 C:\Users\cmshe\AppData\Local\Temp\cwsl_A_sample.elf.eOOQKS.ltrans2.ltrans.o
                0x000000001ff6398a                prvIdleTask.lto_priv.0
 .text.vQueueDelete
                0x000000001ff639ea       0x38 C:\Users\cmshe\AppData\Local\Temp\cwsl_A_sample.elf.eOOQKS.ltrans2.ltrans.o
                0x000000001ff639ea                vQueueDelete
 .text.pvPortMalloc
                0x000000001ff63a22       0xf0 C:\Users\cmshe\AppData\Local\Temp\cwsl_A_sample.elf.eOOQKS.ltrans2.ltrans.o
                0x000000001ff63a22                pvPortMalloc
 .text.get_file_table
                0x000000001ff63b12       0x4a C:\Users\cmshe\AppData\Local\Temp\cwsl_A_sample.elf.eOOQKS.ltrans2.ltrans.o
                0x000000001ff63b12                get_file_table
 .text.get_file_addr
                0x000000001ff63b5c       0xaa C:\Users\cmshe\AppData\Local\Temp\cwsl_A_sample.elf.eOOQKS.ltrans2.ltrans.o
                0x000000001ff63b5c                get_file_addr
 .text.get_current_model_addr
                0x000000001ff63c06       0x8e C:\Users\cmshe\AppData\Local\Temp\cwsl_A_sample.elf.eOOQKS.ltrans2.ltrans.o
                0x000000001ff63c06                get_current_model_addr
 .text.flash_control_inner_serve_cb
                0x000000001ff63c94       0x6e C:\Users\cmshe\AppData\Local\Temp\cwsl_A_sample.elf.eOOQKS.ltrans2.ltrans.o
                0x000000001ff63c94                flash_control_inner_serve_cb
 .text.prvListTasksWithinSingleList.lto_priv.0
                0x000000001ff63d02       0xca C:\Users\cmshe\AppData\Local\Temp\cwsl_A_sample.elf.eOOQKS.ltrans2.ltrans.o
                0x000000001ff63d02                prvListTasksWithinSingleList.lto_priv.0
 .text.vTaskDelay
                0x000000001ff63dcc       0x28 C:\Users\cmshe\AppData\Local\Temp\cwsl_A_sample.elf.eOOQKS.ltrans2.ltrans.o
                0x000000001ff63dcc                vTaskDelay
 .text.xQueuePeek
                0x000000001ff63df4       0xe6 C:\Users\cmshe\AppData\Local\Temp\cwsl_A_sample.elf.eOOQKS.ltrans2.ltrans.o
                0x000000001ff63df4                xQueuePeek
 .text.xQueueReceive
                0x000000001ff63eda       0xe2 C:\Users\cmshe\AppData\Local\Temp\cwsl_A_sample.elf.eOOQKS.ltrans2.ltrans.o
                0x000000001ff63eda                xQueueReceive
 .text.finsh_read_data
                0x000000001ff63fbc       0x18 C:\Users\cmshe\AppData\Local\Temp\cwsl_A_sample.elf.eOOQKS.ltrans2.ltrans.o
 .text.prvTimerTask.lto_priv.0
                0x000000001ff63fd4      0x1a0 C:\Users\cmshe\AppData\Local\Temp\cwsl_A_sample.elf.eOOQKS.ltrans2.ltrans.o
                0x000000001ff63fd4                prvTimerTask.lto_priv.0
 .text.prvCopyDataToQueue.lto_priv.0
                0x000000001ff64174       0xc8 C:\Users\cmshe\AppData\Local\Temp\cwsl_A_sample.elf.eOOQKS.ltrans2.ltrans.o
                0x000000001ff64174                prvCopyDataToQueue.lto_priv.0
 .text.xQueueGenericSend
                0x000000001ff6423c       0xf0 C:\Users\cmshe\AppData\Local\Temp\cwsl_A_sample.elf.eOOQKS.ltrans2.ltrans.o
                0x000000001ff6423c                xQueueGenericSend
 .text.pause_read_data
                0x000000001ff6432c       0x3c C:\Users\cmshe\AppData\Local\Temp\cwsl_A_sample.elf.eOOQKS.ltrans2.ltrans.o
 .text.xQueueSemaphoreTake
                0x000000001ff64368      0x20e C:\Users\cmshe\AppData\Local\Temp\cwsl_A_sample.elf.eOOQKS.ltrans2.ltrans.o
                0x000000001ff64368                xQueueSemaphoreTake
 .text.task_get_play_data
                0x000000001ff64576      0x596 C:\Users\cmshe\AppData\Local\Temp\cwsl_A_sample.elf.eOOQKS.ltrans2.ltrans.o
                0x000000001ff64576                task_get_play_data
 .text.vListInitialise
                0x000000001ff64b0c       0x14 C:\Users\cmshe\AppData\Local\Temp\cwsl_A_sample.elf.eOOQKS.ltrans2.ltrans.o
                0x000000001ff64b0c                vListInitialise
 .text.xQueueGenericCreate
                0x000000001ff64b20       0x74 C:\Users\cmshe\AppData\Local\Temp\cwsl_A_sample.elf.eOOQKS.ltrans2.ltrans.o
                0x000000001ff64b20                xQueueGenericCreate
 .text.prvCheckForValidListAndQueue.lto_priv.0
                0x000000001ff64b94       0x7c C:\Users\cmshe\AppData\Local\Temp\cwsl_A_sample.elf.eOOQKS.ltrans2.ltrans.o
                0x000000001ff64b94                prvCheckForValidListAndQueue.lto_priv.0
 .text.xEventGroupSetBits
                0x000000001ff64c10       0xbc C:\Users\cmshe\AppData\Local\Temp\cwsl_A_sample.elf.eOOQKS.ltrans2.ltrans.o
                0x000000001ff64c10                xEventGroupSetBits
 .text.vEventGroupSetBitsCallback
                0x000000001ff64ccc        0xc C:\Users\cmshe\AppData\Local\Temp\cwsl_A_sample.elf.eOOQKS.ltrans2.ltrans.o
                0x000000001ff64ccc                vEventGroupSetBitsCallback
 .text.xEventGroupWaitBits
                0x000000001ff64cd8       0xd0 C:\Users\cmshe\AppData\Local\Temp\cwsl_A_sample.elf.eOOQKS.ltrans2.ltrans.o
                0x000000001ff64cd8                xEventGroupWaitBits
 .text.cheak_play_event
                0x000000001ff64da8       0x30 C:\Users\cmshe\AppData\Local\Temp\cwsl_A_sample.elf.eOOQKS.ltrans2.ltrans.o
 .text.audio_play_decode_continue
                0x000000001ff64dd8      0x4b2 C:\Users\cmshe\AppData\Local\Temp\cwsl_A_sample.elf.eOOQKS.ltrans2.ltrans.o
 .text.task_audio_play
                0x000000001ff6528a      0x5d0 C:\Users\cmshe\AppData\Local\Temp\cwsl_A_sample.elf.eOOQKS.ltrans2.ltrans.o
                0x000000001ff6528a                task_audio_play
 .text.xEventGroupCreate
                0x000000001ff6585a       0x1e C:\Users\cmshe\AppData\Local\Temp\cwsl_A_sample.elf.eOOQKS.ltrans2.ltrans.o
                0x000000001ff6585a                xEventGroupCreate
 .text.handle_trap
                0x000000001ff65878      0x118 C:\Users\cmshe\AppData\Local\Temp\cwsl_A_sample.elf.eOOQKS.ltrans2.ltrans.o
                0x000000001ff65878                handle_trap
 .text.get_src_clk
                0x000000001ff65990        0xc C:\Users\cmshe\AppData\Local\Temp\cwsl_A_sample.elf.eOOQKS.ltrans2.ltrans.o
                0x000000001ff65990                get_src_clk
 .text.init_irq_pri
                0x000000001ff6599c       0x22 C:\Users\cmshe\AppData\Local\Temp\cwsl_A_sample.elf.eOOQKS.ltrans2.ltrans.o
                0x000000001ff6599c                init_irq_pri
 .text._delay_10us_240M
                0x000000001ff659be       0x2e C:\Users\cmshe\AppData\Local\Temp\cwsl_A_sample.elf.eOOQKS.ltrans2.ltrans.o
                0x000000001ff659be                _delay_10us_240M
 .text.AON_TIM_INT1_IRQHandler
                0x000000001ff659ec        0x2 C:\Users\cmshe\AppData\Local\Temp\cwsl_A_sample.elf.eOOQKS.ltrans2.ltrans.o
                0x000000001ff659ec                AON_TIM_INT1_IRQHandler
 .text.IWDG_IRQHandler
                0x000000001ff659ee        0x2 C:\Users\cmshe\AppData\Local\Temp\cwsl_A_sample.elf.eOOQKS.ltrans2.ltrans.o
                0x000000001ff659ee                IWDG_IRQHandler
 .text.AON_TIM_INT0_IRQHandler
                0x000000001ff659f0        0x2 C:\Users\cmshe\AppData\Local\Temp\cwsl_A_sample.elf.eOOQKS.ltrans2.ltrans.o
                0x000000001ff659f0                AON_TIM_INT0_IRQHandler
 .text.EXT1_IRQHandler
                0x000000001ff659f2        0x2 C:\Users\cmshe\AppData\Local\Temp\cwsl_A_sample.elf.eOOQKS.ltrans2.ltrans.o
                0x000000001ff659f2                EXT1_IRQHandler
 .text.EXT0_IRQHandler
                0x000000001ff659f4        0x2 C:\Users\cmshe\AppData\Local\Temp\cwsl_A_sample.elf.eOOQKS.ltrans2.ltrans.o
                0x000000001ff659f4                EXT0_IRQHandler
 .text.VDT_IRQHandler
                0x000000001ff659f6        0x2 C:\Users\cmshe\AppData\Local\Temp\cwsl_A_sample.elf.eOOQKS.ltrans2.ltrans.o
                0x000000001ff659f6                VDT_IRQHandler
 .text.V11_OK_IRQHandler
                0x000000001ff659f8        0x2 C:\Users\cmshe\AppData\Local\Temp\cwsl_A_sample.elf.eOOQKS.ltrans2.ltrans.o
                0x000000001ff659f8                V11_OK_IRQHandler
 .text.DTR_IRQHandler
                0x000000001ff659fa        0x2 C:\Users\cmshe\AppData\Local\Temp\cwsl_A_sample.elf.eOOQKS.ltrans2.ltrans.o
                0x000000001ff659fa                DTR_IRQHandler
 .text.PDM_IRQHandler
                0x000000001ff659fc        0x2 C:\Users\cmshe\AppData\Local\Temp\cwsl_A_sample.elf.eOOQKS.ltrans2.ltrans.o
                0x000000001ff659fc                PDM_IRQHandler
 .text.ALC_IRQHandler
                0x000000001ff659fe        0x2 C:\Users\cmshe\AppData\Local\Temp\cwsl_A_sample.elf.eOOQKS.ltrans2.ltrans.o
                0x000000001ff659fe                ALC_IRQHandler
 .text.IIS2_IRQHandler
                0x000000001ff65a00        0x2 C:\Users\cmshe\AppData\Local\Temp\cwsl_A_sample.elf.eOOQKS.ltrans2.ltrans.o
                0x000000001ff65a00                IIS2_IRQHandler
 .text.IIS1_IRQHandler
                0x000000001ff65a02        0x2 C:\Users\cmshe\AppData\Local\Temp\cwsl_A_sample.elf.eOOQKS.ltrans2.ltrans.o
                0x000000001ff65a02                IIS1_IRQHandler
 .text.IIS0_IRQHandler
                0x000000001ff65a04        0x2 C:\Users\cmshe\AppData\Local\Temp\cwsl_A_sample.elf.eOOQKS.ltrans2.ltrans.o
                0x000000001ff65a04                IIS0_IRQHandler
 .text.UART2_IRQHandler
                0x000000001ff65a06        0x2 C:\Users\cmshe\AppData\Local\Temp\cwsl_A_sample.elf.eOOQKS.ltrans2.ltrans.o
                0x000000001ff65a06                UART2_IRQHandler
 .text.UART1_IRQHandler
                0x000000001ff65a08        0x2 C:\Users\cmshe\AppData\Local\Temp\cwsl_A_sample.elf.eOOQKS.ltrans2.ltrans.o
                0x000000001ff65a08                UART1_IRQHandler
 .text.UART0_IRQHandler
                0x000000001ff65a0a        0x2 C:\Users\cmshe\AppData\Local\Temp\cwsl_A_sample.elf.eOOQKS.ltrans2.ltrans.o
                0x000000001ff65a0a                UART0_IRQHandler
 .text.TIMER3_IRQHandler
                0x000000001ff65a0c        0x2 C:\Users\cmshe\AppData\Local\Temp\cwsl_A_sample.elf.eOOQKS.ltrans2.ltrans.o
                0x000000001ff65a0c                TIMER3_IRQHandler
 .text.TIMER2_IRQHandler
                0x000000001ff65a0e        0x2 C:\Users\cmshe\AppData\Local\Temp\cwsl_A_sample.elf.eOOQKS.ltrans2.ltrans.o
                0x000000001ff65a0e                TIMER2_IRQHandler
 .text.TIMER1_IRQHandler
                0x000000001ff65a10        0x2 C:\Users\cmshe\AppData\Local\Temp\cwsl_A_sample.elf.eOOQKS.ltrans2.ltrans.o
                0x000000001ff65a10                TIMER1_IRQHandler
 .text.TIMER0_IRQHandler
                0x000000001ff65a12        0x2 C:\Users\cmshe\AppData\Local\Temp\cwsl_A_sample.elf.eOOQKS.ltrans2.ltrans.o
                0x000000001ff65a12                TIMER0_IRQHandler
 .text.DMA_IRQHandler
                0x000000001ff65a14       0x2a C:\Users\cmshe\AppData\Local\Temp\cwsl_A_sample.elf.eOOQKS.ltrans2.ltrans.o
                0x000000001ff65a14                DMA_IRQHandler
 .text.ADC_IRQHandler
                0x000000001ff65a3e        0x2 C:\Users\cmshe\AppData\Local\Temp\cwsl_A_sample.elf.eOOQKS.ltrans2.ltrans.o
                0x000000001ff65a3e                ADC_IRQHandler
 .text.NPU_IRQHandler
                0x000000001ff65a40        0x2 C:\Users\cmshe\AppData\Local\Temp\cwsl_A_sample.elf.eOOQKS.ltrans2.ltrans.o
                0x000000001ff65a40                NPU_IRQHandler
 .text.SCU_IRQHandler
                0x000000001ff65a42        0x2 C:\Users\cmshe\AppData\Local\Temp\cwsl_A_sample.elf.eOOQKS.ltrans2.ltrans.o
                0x000000001ff65a42                SCU_IRQHandler
 .text.TWDG_IRQHandler
                0x000000001ff65a44        0x2 C:\Users\cmshe\AppData\Local\Temp\cwsl_A_sample.elf.eOOQKS.ltrans2.ltrans.o
                0x000000001ff65a44                TWDG_IRQHandler
 .text._fini    0x000000001ff65a46        0x2 C:\Users\cmshe\AppData\Local\Temp\cwsl_A_sample.elf.eOOQKS.ltrans2.ltrans.o
                0x000000001ff65a46                _fini
 .text._init    0x000000001ff65a48       0xd4 C:\Users\cmshe\AppData\Local\Temp\cwsl_A_sample.elf.eOOQKS.ltrans2.ltrans.o
                0x000000001ff65a48                _init
 .text.sbrk     0x000000001ff65b1c       0x6e ../../../libs\libnewlib_port.a(sbrk.o)
                0x000000001ff65b1c                sbrk
 .text.get_heap_bytes_remaining_size
                0x000000001ff65b8a        0x6 ../../../libs\libnewlib_port.a(sbrk.o)
                0x000000001ff65b8a                get_heap_bytes_remaining_size
 .text.__malloc_lock
                0x000000001ff65b90        0xc ../../../libs\libnewlib_port.a(sbrk.o)
                0x000000001ff65b90                __malloc_lock
 .text.__malloc_unlock
                0x000000001ff65b9c        0xc ../../../libs\libnewlib_port.a(sbrk.o)
                0x000000001ff65b9c                __malloc_unlock
 .text.__wrap_memcmp
                0x000000001ff65ba8       0x10 ../../../libs\libnewlib_port.a(sbrk.o)
                0x000000001ff65ba8                __wrap_memcmp
 .text.__wrap_memcpy
                0x000000001ff65bb8       0x10 ../../../libs\libnewlib_port.a(sbrk.o)
                0x000000001ff65bb8                __wrap_memcpy
 .text.__wrap_memmove
                0x000000001ff65bc8       0x10 ../../../libs\libnewlib_port.a(sbrk.o)
                0x000000001ff65bc8                __wrap_memmove
 .text.__wrap_memset
                0x000000001ff65bd8       0x10 ../../../libs\libnewlib_port.a(sbrk.o)
                0x000000001ff65bd8                __wrap_memset
 .text.__wrap_strcat
                0x000000001ff65be8        0xe ../../../libs\libnewlib_port.a(sbrk.o)
                0x000000001ff65be8                __wrap_strcat
 .text.__wrap_strcmp
                0x000000001ff65bf6        0xe ../../../libs\libnewlib_port.a(sbrk.o)
                0x000000001ff65bf6                __wrap_strcmp
 .text.__wrap_strcpy
                0x000000001ff65c04        0xe ../../../libs\libnewlib_port.a(sbrk.o)
                0x000000001ff65c04                __wrap_strcpy
 .text.__wrap_strlen
                0x000000001ff65c12        0xe ../../../libs\libnewlib_port.a(sbrk.o)
                0x000000001ff65c12                __wrap_strlen
 .text.__wrap_strncmp
                0x000000001ff65c20        0xe ../../../libs\libnewlib_port.a(sbrk.o)
                0x000000001ff65c20                __wrap_strncmp
 .text.__wrap_strncpy
                0x000000001ff65c2e        0xe ../../../libs\libnewlib_port.a(sbrk.o)
                0x000000001ff65c2e                __wrap_strncpy
 .text.__wrap_strstr
                0x000000001ff65c3c        0xe ../../../libs\libnewlib_port.a(sbrk.o)
                0x000000001ff65c3c                __wrap_strstr
 .text.__wrap_malloc
                0x000000001ff65c4a       0x10 ../../../libs\libnewlib_port.a(sbrk.o)
                0x000000001ff65c4a                __wrap_malloc
 .text.__wrap_free
                0x000000001ff65c5a       0x10 ../../../libs\libnewlib_port.a(sbrk.o)
                0x000000001ff65c5a                __wrap_free
 .text.__wrap_atoi
                0x000000001ff65c6a       0x2e ../../../libs\libnewlib_port.a(sbrk.o)
                0x000000001ff65c6a                __wrap_atoi
 *fill*         0x000000001ff65c98       0x28 
 .text.entry    0x000000001ff65cc0      0x5f4 ../../../libs\libfreertos_port.a(portasm.o)
                0x000000001ff65cc0                trap_entry
                0x000000001ff65db0                irq_entry
                0x000000001ff65f24                eclic_mtip_handler
                0x000000001ff65fe4                eclic_msip_handler
                0x000000001ff660c0                vPortYield_from_ulSynchTrap
                0x000000001ff66100                vPortYield
                0x000000001ff66230                xPortStartScheduler
                0x000000001ff662a0                vPortEndScheduler
 .text          0x000000001ff662b4       0x60 c:/riscv-nuclei-elf-gcc-9.2.0/gcc_fix_raissrc/bin/../lib/gcc/riscv-nuclei-elf/9.2.0/rv32imafc/ilp32f\libgcc.a(save-restore.o)
                0x000000001ff662b4                __riscv_save_12
                0x000000001ff662bc                __riscv_save_9
                0x000000001ff662bc                __riscv_save_11
                0x000000001ff662bc                __riscv_save_10
                0x000000001ff662bc                __riscv_save_8
                0x000000001ff662ca                __riscv_save_4
                0x000000001ff662ca                __riscv_save_6
                0x000000001ff662ca                __riscv_save_5
                0x000000001ff662ca                __riscv_save_7
                0x000000001ff662e4                __riscv_save_3
                0x000000001ff662e4                __riscv_save_2
                0x000000001ff662e4                __riscv_save_1
                0x000000001ff662e4                __riscv_save_0
                0x000000001ff662f0                __riscv_restore_12
                0x000000001ff662f4                __riscv_restore_11
                0x000000001ff662f4                __riscv_restore_9
                0x000000001ff662f4                __riscv_restore_10
                0x000000001ff662f4                __riscv_restore_8
                0x000000001ff662fe                __riscv_restore_5
                0x000000001ff662fe                __riscv_restore_7
                0x000000001ff662fe                __riscv_restore_6
                0x000000001ff662fe                __riscv_restore_4
                0x000000001ff66308                __riscv_restore_3
                0x000000001ff66308                __riscv_restore_0
                0x000000001ff66308                __riscv_restore_2
                0x000000001ff66308                __riscv_restore_1
 .text          0x000000001ff66314       0xae c:/riscv-nuclei-elf-gcc-9.2.0/gcc_fix_raissrc/bin/../lib/gcc/riscv-nuclei-elf/9.2.0/rv32imafc/ilp32f\libgcc.a(gedf2.o)
                0x000000001ff66314                __gedf2
                0x000000001ff66314                __gtdf2
 .text          0x000000001ff663c2       0xae c:/riscv-nuclei-elf-gcc-9.2.0/gcc_fix_raissrc/bin/../lib/gcc/riscv-nuclei-elf/9.2.0/rv32imafc/ilp32f\libgcc.a(ledf2.o)
                0x000000001ff663c2                __ledf2
                0x000000001ff663c2                __ltdf2
 .text          0x000000001ff66470       0xbc c:/riscv-nuclei-elf-gcc-9.2.0/gcc_fix_raissrc/bin/../lib/gcc/riscv-nuclei-elf/9.2.0/rv32imafc/ilp32f\libgcc.a(extendsfdf2.o)
                0x000000001ff66470                __extendsfdf2
 .text          0x000000001ff6652c       0x3c c:/riscv-nuclei-elf-gcc-9.2.0/gcc_fix_raissrc/bin/../lib/gcc/riscv-nuclei-elf/9.2.0/rv32imafc/ilp32f\libgcc.a(_clzsi2.o)
                0x000000001ff6652c                __clzsi2